Archive member included because of file (symbol)

c:/program files (x86)/atmel/atmel toolchain/arm gcc/native/4.7.1416/arm-gnu-toolchain/bin/../lib/gcc/arm-none-eabi/4.7.4/armv6-m\libgcc.a(_udivsi3.o)
                              src/ASF/common2/components/display/ssd1306/ssd1306.o (__aeabi_uidiv)
c:/program files (x86)/atmel/atmel toolchain/arm gcc/native/4.7.1416/arm-gnu-toolchain/bin/../lib/gcc/arm-none-eabi/4.7.4/armv6-m\libgcc.a(_dvmd_tls.o)
                              c:/program files (x86)/atmel/atmel toolchain/arm gcc/native/4.7.1416/arm-gnu-toolchain/bin/../lib/gcc/arm-none-eabi/4.7.4/armv6-m\libgcc.a(_udivsi3.o) (__aeabi_idiv0)
c:/program files (x86)/atmel/atmel toolchain/arm gcc/native/4.7.1416/arm-gnu-toolchain/bin/../lib/gcc/arm-none-eabi/4.7.4/armv6-m\libgcc.a(_aeabi_uldivmod.o)
                              src/ASF/sam0/drivers/sercom/sercom.o (__aeabi_uldivmod)
c:/program files (x86)/atmel/atmel toolchain/arm gcc/native/4.7.1416/arm-gnu-toolchain/bin/../lib/gcc/arm-none-eabi/4.7.4/armv6-m\libgcc.a(_muldi3.o)
                              src/ASF/sam0/drivers/sercom/sercom.o (__aeabi_lmul)
c:/program files (x86)/atmel/atmel toolchain/arm gcc/native/4.7.1416/arm-gnu-toolchain/bin/../lib/gcc/arm-none-eabi/4.7.4/armv6-m\libgcc.a(bpabi.o)
                              c:/program files (x86)/atmel/atmel toolchain/arm gcc/native/4.7.1416/arm-gnu-toolchain/bin/../lib/gcc/arm-none-eabi/4.7.4/armv6-m\libgcc.a(_aeabi_uldivmod.o) (__gnu_uldivmod_helper)
c:/program files (x86)/atmel/atmel toolchain/arm gcc/native/4.7.1416/arm-gnu-toolchain/bin/../lib/gcc/arm-none-eabi/4.7.4/armv6-m\libgcc.a(_divdi3.o)
                              c:/program files (x86)/atmel/atmel toolchain/arm gcc/native/4.7.1416/arm-gnu-toolchain/bin/../lib/gcc/arm-none-eabi/4.7.4/armv6-m\libgcc.a(bpabi.o) (__divdi3)
c:/program files (x86)/atmel/atmel toolchain/arm gcc/native/4.7.1416/arm-gnu-toolchain/bin/../lib/gcc/arm-none-eabi/4.7.4/armv6-m\libgcc.a(_udivdi3.o)
                              c:/program files (x86)/atmel/atmel toolchain/arm gcc/native/4.7.1416/arm-gnu-toolchain/bin/../lib/gcc/arm-none-eabi/4.7.4/armv6-m\libgcc.a(bpabi.o) (__udivdi3)
c:/program files (x86)/atmel/atmel toolchain/arm gcc/native/4.7.1416/arm-gnu-toolchain/bin/../lib/gcc/arm-none-eabi/4.7.4/armv6-m\libgcc.a(_clzsi2.o)
                              c:/program files (x86)/atmel/atmel toolchain/arm gcc/native/4.7.1416/arm-gnu-toolchain/bin/../lib/gcc/arm-none-eabi/4.7.4/armv6-m\libgcc.a(_divdi3.o) (__clzsi2)
c:/program files (x86)/atmel/atmel toolchain/arm gcc/native/4.7.1416/arm-gnu-toolchain/bin/../lib/gcc/arm-none-eabi/4.7.4/../../../../arm-none-eabi/lib/armv6-m\libc.a(lib_a-__atexit.o)
                              c:/program files (x86)/atmel/atmel toolchain/arm gcc/native/4.7.1416/arm-gnu-toolchain/bin/../lib/gcc/arm-none-eabi/4.7.4/../../../../arm-none-eabi/lib/armv6-m/crt0.o (__register_exitproc)
c:/program files (x86)/atmel/atmel toolchain/arm gcc/native/4.7.1416/arm-gnu-toolchain/bin/../lib/gcc/arm-none-eabi/4.7.4/../../../../arm-none-eabi/lib/armv6-m\libc.a(lib_a-exit.o)
                              c:/program files (x86)/atmel/atmel toolchain/arm gcc/native/4.7.1416/arm-gnu-toolchain/bin/../lib/gcc/arm-none-eabi/4.7.4/../../../../arm-none-eabi/lib/armv6-m/crt0.o (exit)
c:/program files (x86)/atmel/atmel toolchain/arm gcc/native/4.7.1416/arm-gnu-toolchain/bin/../lib/gcc/arm-none-eabi/4.7.4/../../../../arm-none-eabi/lib/armv6-m\libc.a(lib_a-fini.o)
                              c:/program files (x86)/atmel/atmel toolchain/arm gcc/native/4.7.1416/arm-gnu-toolchain/bin/../lib/gcc/arm-none-eabi/4.7.4/../../../../arm-none-eabi/lib/armv6-m/crt0.o (__libc_fini_array)
c:/program files (x86)/atmel/atmel toolchain/arm gcc/native/4.7.1416/arm-gnu-toolchain/bin/../lib/gcc/arm-none-eabi/4.7.4/../../../../arm-none-eabi/lib/armv6-m\libc.a(lib_a-impure.o)
                              c:/program files (x86)/atmel/atmel toolchain/arm gcc/native/4.7.1416/arm-gnu-toolchain/bin/../lib/gcc/arm-none-eabi/4.7.4/../../../../arm-none-eabi/lib/armv6-m\libc.a(lib_a-__atexit.o) (_global_impure_ptr)
c:/program files (x86)/atmel/atmel toolchain/arm gcc/native/4.7.1416/arm-gnu-toolchain/bin/../lib/gcc/arm-none-eabi/4.7.4/../../../../arm-none-eabi/lib/armv6-m\libc.a(lib_a-init.o)
                              c:/program files (x86)/atmel/atmel toolchain/arm gcc/native/4.7.1416/arm-gnu-toolchain/bin/../lib/gcc/arm-none-eabi/4.7.4/../../../../arm-none-eabi/lib/armv6-m/crt0.o (__libc_init_array)
c:/program files (x86)/atmel/atmel toolchain/arm gcc/native/4.7.1416/arm-gnu-toolchain/bin/../lib/gcc/arm-none-eabi/4.7.4/../../../../arm-none-eabi/lib/armv6-m\libc.a(lib_a-memcpy.o)
                              src/ASF/sam0/drivers/sercom/sercom_interrupt.o (memcpy)
c:/program files (x86)/atmel/atmel toolchain/arm gcc/native/4.7.1416/arm-gnu-toolchain/bin/../lib/gcc/arm-none-eabi/4.7.4/../../../../arm-none-eabi/lib/armv6-m\libc.a(lib_a-memset.o)
[...]
Memory Configuration

Name             Origin             Length             Attributes
rom              0x00000000         0x00040000         xr
ram              0x20000000         0x00008000         xrw
*default*        0x00000000         0xffffffff

Linker script and memory map

LOAD c:/program files (x86)/atmel/atmel toolchain/arm gcc/native/4.7.1416/arm-gnu-toolchain/bin/../lib/gcc/arm-none-eabi/4.7.4/armv6-m/crti.o
LOAD c:/program files (x86)/atmel/atmel toolchain/arm gcc/native/4.7.1416/arm-gnu-toolchain/bin/../lib/gcc/arm-none-eabi/4.7.4/armv6-m/crtbegin.o
LOAD c:/program files (x86)/atmel/atmel toolchain/arm gcc/native/4.7.1416/arm-gnu-toolchain/bin/../lib/gcc/arm-none-eabi/4.7.4/../../../../arm-none-eabi/lib/armv6-m/crt0.o
LOAD src/ASF/common2/components/display/ssd1306/ssd1306.o
LOAD src/ASF/common2/services/delay/sam0/cycle_counter.o
LOAD src/ASF/common2/services/gfx_mono/gfx_mono_framebuffer.o
LOAD src/ASF/common2/services/gfx_mono/gfx_mono_generic.o
LOAD src/ASF/common2/services/gfx_mono/gfx_mono_text.o
LOAD src/ASF/common2/services/gfx_mono/gfx_mono_ug_2832hsweg04.o
LOAD src/ASF/common2/services/gfx_mono/sysfont.o
LOAD src/ASF/sam0/drivers/extint/extint.o
LOAD src/ASF/sam0/drivers/extint/extint_callback.o
LOAD src/ASF/sam0/drivers/rtc/rtc_calendar.o
LOAD src/ASF/sam0/drivers/rtc/rtc_calendar_interrupt.o
LOAD src/ASF/sam0/drivers/sercom/sercom.o
LOAD src/ASF/sam0/drivers/sercom/sercom_interrupt.o
LOAD src/ASF/sam0/drivers/sercom/spi/spi.o
LOAD src/ASF/sam0/drivers/sercom/spi/spi_interrupt.o
LOAD src/ASF/sam0/drivers/sercom/usart/usart.o
LOAD src/ASF/sam0/drivers/sercom/usart/usart_interrupt.o
LOAD src/ASF/sam0/drivers/tc/tc.o
LOAD src/ASF/sam0/drivers/tc/tc_interrupt.o
LOAD src/sleep.o
LOAD src/watch.o
LOAD src/ASF/common/utils/interrupt/interrupt_sam_nvic.o
LOAD src/ASF/sam0/boards/samd20_xplained_pro/board_init.o
LOAD src/ASF/sam0/drivers/port/port.o
LOAD src/ASF/sam0/drivers/system/clock/clock_samd20/clock.o
LOAD src/ASF/sam0/drivers/system/clock/clock_samd20/gclk.o
LOAD src/ASF/sam0/drivers/system/interrupt/system_interrupt.o
LOAD src/ASF/sam0/drivers/system/pinmux/pinmux.o
LOAD src/ASF/sam0/drivers/system/system.o
LOAD src/ASF/sam0/utils/cmsis/samd20/source/gcc/startup_samd20.o
LOAD src/ASF/sam0/utils/cmsis/samd20/source/system_samd20.o
LOAD src/ASF/sam0/utils/syscalls/gcc/syscalls.o
LOAD src/buttons.o
LOAD src/main.o
START GROUP
LOAD ../src/ASF/thirdparty/CMSIS/Lib/GCC\libarm_cortexM0l_math.a
LOAD c:/program files (x86)/atmel/atmel toolchain/arm gcc/native/4.7.1416/arm-gnu-toolchain/bin/../lib/gcc/arm-none-eabi/4.7.4/../../../../arm-none-eabi/lib/armv6-m\libm.a
END GROUP
START GROUP
LOAD c:/program files (x86)/atmel/atmel toolchain/arm gcc/native/4.7.1416/arm-gnu-toolchain/bin/../lib/gcc/arm-none-eabi/4.7.4/armv6-m\libgcc.a
LOAD c:/program files (x86)/atmel/atmel toolchain/arm gcc/native/4.7.1416/arm-gnu-toolchain/bin/../lib/gcc/arm-none-eabi/4.7.4/../../../../arm-none-eabi/lib/armv6-m\libc.a
END GROUP
LOAD c:/program files (x86)/atmel/atmel toolchain/arm gcc/native/4.7.1416/arm-gnu-toolchain/bin/../lib/gcc/arm-none-eabi/4.7.4/armv6-m/crtend.o
LOAD c:/program files (x86)/atmel/atmel toolchain/arm gcc/native/4.7.1416/arm-gnu-toolchain/bin/../lib/gcc/arm-none-eabi/4.7.4/armv6-m/crtn.o
                [0x00002000]                __stack_size__ = DEFINED (__stack_size__)?__stack_size__:0x2000
                0x20007ffc                __ram_end__ = ((ORIGIN (ram) + 0x8000) - 0x4)

.text           0x00000000     0x9d74
                0x00000000                . = ALIGN (0x4)
                0x00000000                _sfixed = .
 *(.vectors .vectors.*)
 .vectors       0x00000000       0xa4 src/ASF/sam0/utils/cmsis/samd20/source/gcc/startup_samd20.o
                0x00000000                exception_table
 *(.text .text.* .gnu.linkonce.t.*)
 .text          0x000000a4       0xbc c:/program files (x86)/atmel/atmel toolchain/arm gcc/native/4.7.1416/arm-gnu-toolchain/bin/../lib/gcc/arm-none-eabi/4.7.4/armv6-m/crtbegin.o
 .text.ssd1306_write_command
                0x00000160       0x4c src/ASF/common2/components/display/ssd1306/ssd1306.o
                0x00000160                ssd1306_write_command
 .text.ssd1306_init
                0x000001ac      0x1cc src/ASF/common2/components/display/ssd1306/ssd1306.o
                0x000001ac                ssd1306_init
 .text.ssd1306_write_data
                0x00000378       0x4c src/ASF/common2/components/display/ssd1306/ssd1306.o
                0x00000378                ssd1306_write_data
 .text.delay_init
                0x000003c4       0x3c src/ASF/common2/services/delay/sam0/cycle_counter.o
                0x000003c4                delay_init
 .text.gfx_mono_set_framebuffer
                0x00000400        0xc src/ASF/common2/services/gfx_mono/gfx_mono_framebuffer.o
                0x00000400                gfx_mono_set_framebuffer
 .text.gfx_mono_framebuffer_put_byte
                0x0000040c       0x10 src/ASF/common2/services/gfx_mono/gfx_mono_framebuffer.o
                0x0000040c                gfx_mono_framebuffer_put_byte
 .text.gfx_mono_framebuffer_get_byte
                0x0000041c       0x10 src/ASF/common2/services/gfx_mono/gfx_mono_framebuffer.o
                0x0000041c                gfx_mono_framebuffer_get_byte
 .text.gfx_mono_generic_draw_horizontal_line
                0x0000042c       0xd4 src/ASF/common2/services/gfx_mono/gfx_mono_generic.o
                0x0000042c                gfx_mono_generic_draw_horizontal_line
 .text.gfx_mono_generic_draw_filled_rect
                0x00000500       0x40 src/ASF/common2/services/gfx_mono/gfx_mono_generic.o
                0x00000500                gfx_mono_generic_draw_filled_rect
 .text.gfx_mono_draw_char
                0x00000540       0xb8 src/ASF/common2/services/gfx_mono/gfx_mono_text.o
                0x00000540                gfx_mono_draw_char
 .text.gfx_mono_draw_string
                0x000005f8       0x50 src/ASF/common2/services/gfx_mono/gfx_mono_text.o
                0x000005f8                gfx_mono_draw_string
 .text.gfx_mono_ssd1306_put_byte
                0x00000648       0x54 src/ASF/common2/services/gfx_mono/gfx_mono_ug_2832hsweg04.o
                0x00000648                gfx_mono_ssd1306_put_byte
 .text.gfx_mono_ssd1306_init
                0x0000069c       0x50 src/ASF/common2/services/gfx_mono/gfx_mono_ug_2832hsweg04.o
                0x0000069c                gfx_mono_ssd1306_init
 .text.gfx_mono_ssd1306_get_byte
                0x000006ec        0xc src/ASF/common2/services/gfx_mono/gfx_mono_ug_2832hsweg04.o
                0x000006ec                gfx_mono_ssd1306_get_byte
 .text.gfx_mono_ssd1306_draw_pixel
                0x000006f8       0x68 src/ASF/common2/services/gfx_mono/gfx_mono_ug_2832hsweg04.o
                0x000006f8                gfx_mono_ssd1306_draw_pixel
 .text._extint_enable
                0x00000760       0x1c src/ASF/sam0/drivers/extint/extint.o
 .text._system_extint_init
                0x0000077c       0x6c src/ASF/sam0/drivers/extint/extint.o
                0x0000077c                _system_extint_init
 .text.extint_chan_set_config
                0x000007e8       0x78 src/ASF/sam0/drivers/extint/extint.o
                0x000007e8                extint_chan_set_config
 .text.extint_register_callback
                0x00000860       0x2c src/ASF/sam0/drivers/extint/extint_callback.o
                0x00000860                extint_register_callback
 .text.extint_chan_enable_callback
                0x0000088c       0x20 src/ASF/sam0/drivers/extint/extint_callback.o
                0x0000088c                extint_chan_enable_callback
 .text.EIC_Handler
                0x000008ac       0x68 src/ASF/sam0/drivers/extint/extint_callback.o
                0x000008ac                EIC_Handler
 .text._rtc_calendar_time_to_register_value
                0x00000914       0x3c src/ASF/sam0/drivers/rtc/rtc_calendar.o
 .text._rtc_calendar_register_value_to_time
                0x00000950       0x40 src/ASF/sam0/drivers/rtc/rtc_calendar.o
 .text.rtc_calendar_reset
                0x00000990       0x3c src/ASF/sam0/drivers/rtc/rtc_calendar.o
                0x00000990                rtc_calendar_reset
 .text.rtc_calendar_set_time
                0x000009cc       0x18 src/ASF/sam0/drivers/rtc/rtc_calendar.o
                0x000009cc                rtc_calendar_set_time
 .text.rtc_calendar_get_time
                0x000009e4       0x2c src/ASF/sam0/drivers/rtc/rtc_calendar.o
                0x000009e4                rtc_calendar_get_time
 .text.rtc_calendar_set_alarm
                0x00000a10       0x30 src/ASF/sam0/drivers/rtc/rtc_calendar.o
                0x00000a10                rtc_calendar_set_alarm
 .text.rtc_calendar_init
                0x00000a40       0x94 src/ASF/sam0/drivers/rtc/rtc_calendar.o
                0x00000a40                rtc_calendar_init
 .text.rtc_calendar_register_callback
                0x00000ad4       0x24 src/ASF/sam0/drivers/rtc/rtc_calendar_interrupt.o
                0x00000ad4                rtc_calendar_register_callback
 .text.rtc_calendar_enable_callback
                0x00000af8       0x28 src/ASF/sam0/drivers/rtc/rtc_calendar_interrupt.o
                0x00000af8                rtc_calendar_enable_callback
 .text.RTC_Handler
                0x00000b20       0x40 src/ASF/sam0/drivers/rtc/rtc_calendar_interrupt.o
                0x00000b20                RTC_Handler
 .text._sercom_get_sync_baud_val
                0x00000b60       0x2c src/ASF/sam0/drivers/sercom/sercom.o
                0x00000b60                _sercom_get_sync_baud_val
 *fill*         0x00000b8c        0x4 00
 .text._sercom_get_async_baud_val
                0x00000b90       0xc8 src/ASF/sam0/drivers/sercom/sercom.o
                0x00000b90                _sercom_get_async_baud_val
 .text.sercom_set_gclk_generator
                0x00000c58       0x50 src/ASF/sam0/drivers/sercom/sercom.o
                0x00000c58                sercom_set_gclk_generator
 .text._sercom_get_default_pad
                0x00000ca8      0x178 src/ASF/sam0/drivers/sercom/sercom.o
                0x00000ca8                _sercom_get_default_pad
 .text._sercom_default_handler
                0x00000e20        0x4 src/ASF/sam0/drivers/sercom/sercom_interrupt.o
 .text._sercom_get_sercom_inst_index
                0x00000e24       0x38 src/ASF/sam0/drivers/sercom/sercom_interrupt.o
                0x00000e24                _sercom_get_sercom_inst_index
 .text._sercom_set_handler
                0x00000e5c       0x3c src/ASF/sam0/drivers/sercom/sercom_interrupt.o
                0x00000e5c                _sercom_set_handler
 .text._sercom_get_interrupt_vector
                0x00000e98       0x2c src/ASF/sam0/drivers/sercom/sercom_interrupt.o
                0x00000e98                _sercom_get_interrupt_vector
 .text.SERCOM0_Handler
                0x00000ec4       0x10 src/ASF/sam0/drivers/sercom/sercom_interrupt.o
                0x00000ec4                SERCOM0_Handler
 .text.SERCOM1_Handler
                0x00000ed4       0x10 src/ASF/sam0/drivers/sercom/sercom_interrupt.o
                0x00000ed4                SERCOM1_Handler
 .text.SERCOM2_Handler
                0x00000ee4       0x10 src/ASF/sam0/drivers/sercom/sercom_interrupt.o
                0x00000ee4                SERCOM2_Handler
 .text.SERCOM3_Handler
                0x00000ef4       0x10 src/ASF/sam0/drivers/sercom/sercom_interrupt.o
                0x00000ef4                SERCOM3_Handler
 .text.SERCOM4_Handler
                0x00000f04       0x10 src/ASF/sam0/drivers/sercom/sercom_interrupt.o
                0x00000f04                SERCOM4_Handler
 .text.SERCOM5_Handler
                0x00000f14       0x10 src/ASF/sam0/drivers/sercom/sercom_interrupt.o
                0x00000f14                SERCOM5_Handler
 .text._spi_clear_tx_complete_flag
                0x00000f24        0x8 src/ASF/sam0/drivers/sercom/spi/spi.o
 .text.spi_init
                0x00000f2c      0x1f8 src/ASF/sam0/drivers/sercom/spi/spi.o
                0x00000f2c                spi_init
 .text.spi_select_slave
                0x00001124       0xe8 src/ASF/sam0/drivers/sercom/spi/spi.o
                0x00001124                spi_select_slave
 .text.spi_write_buffer_wait
                0x0000120c      0x238 src/ASF/sam0/drivers/sercom/spi/spi.o
                0x0000120c                spi_write_buffer_wait
 .text._spi_interrupt_handler
                0x00001444      0x1a8 src/ASF/sam0/drivers/sercom/spi/spi_interrupt.o
                0x00001444                _spi_interrupt_handler
 .text.usart_init
                0x000015ec      0x250 src/ASF/sam0/drivers/sercom/usart/usart.o
                0x000015ec                usart_init
 .text._usart_write_buffer
                0x0000183c       0x14 src/ASF/sam0/drivers/sercom/usart/usart_interrupt.o
                0x0000183c                _usart_write_buffer
 .text._usart_read_buffer
                0x00001850       0x14 src/ASF/sam0/drivers/sercom/usart/usart_interrupt.o
                0x00001850                _usart_read_buffer
 .text.usart_register_callback
                0x00001864       0x18 src/ASF/sam0/drivers/sercom/usart/usart_interrupt.o
                0x00001864                usart_register_callback
 .text.usart_write_buffer_job
                0x0000187c       0x28 src/ASF/sam0/drivers/sercom/usart/usart_interrupt.o
                0x0000187c                usart_write_buffer_job
 .text.usart_read_buffer_job
                0x000018a4       0x28 src/ASF/sam0/drivers/sercom/usart/usart_interrupt.o
                0x000018a4                usart_read_buffer_job
 .text._usart_interrupt_handler
                0x000018cc      0x12c src/ASF/sam0/drivers/sercom/usart/usart_interrupt.o
                0x000018cc                _usart_interrupt_handler
 .text._tc_get_inst_index
                0x000019f8       0x3c src/ASF/sam0/drivers/tc/tc.o
                0x000019f8                _tc_get_inst_index
 .text.tc_init  0x00001a34      0x27c src/ASF/sam0/drivers/tc/tc.o
                0x00001a34                tc_init
 .text.tc_set_compare_value
                0x00001cb0       0x54 src/ASF/sam0/drivers/tc/tc.o
                0x00001cb0                tc_set_compare_value
 .text.tc_register_callback
                0x00001d04       0x34 src/ASF/sam0/drivers/tc/tc_interrupt.o
                0x00001d04                tc_register_callback
 .text._tc_interrupt_handler
                0x00001d38       0x5c src/ASF/sam0/drivers/tc/tc_interrupt.o
                0x00001d38                _tc_interrupt_handler
 .text.TC7_Handler
                0x00001d94       0x10 src/ASF/sam0/drivers/tc/tc_interrupt.o
                0x00001d94                TC7_Handler
 .text.TC6_Handler
                0x00001da4       0x10 src/ASF/sam0/drivers/tc/tc_interrupt.o
                0x00001da4                TC6_Handler
 .text.TC5_Handler
                0x00001db4       0x10 src/ASF/sam0/drivers/tc/tc_interrupt.o
                0x00001db4                TC5_Handler
 .text.TC4_Handler
                0x00001dc4       0x10 src/ASF/sam0/drivers/tc/tc_interrupt.o
                0x00001dc4                TC4_Handler
 .text.TC3_Handler
                0x00001dd4       0x10 src/ASF/sam0/drivers/tc/tc_interrupt.o
                0x00001dd4                TC3_Handler
 .text.TC2_Handler
                0x00001de4       0x10 src/ASF/sam0/drivers/tc/tc_interrupt.o
                0x00001de4                TC2_Handler
 .text.TC1_Handler
                0x00001df4       0x10 src/ASF/sam0/drivers/tc/tc_interrupt.o
                0x00001df4                TC1_Handler
 .text.TC0_Handler
                0x00001e04       0x10 src/ASF/sam0/drivers/tc/tc_interrupt.o
                0x00001e04                TC0_Handler
 .text.wake_up  0x00001e14       0x2c src/sleep.o
                0x00001e14                wake_up
 .text.go_to_sleep
                0x00001e40       0x28 src/sleep.o
                0x00001e40                go_to_sleep
 .text.check_awake
                0x00001e68       0x18 src/sleep.o
                0x00001e68                check_awake
 .text.check_asleep
                0x00001e80       0x20 src/sleep.o
                0x00001e80                check_asleep
 .text.tc_callback_second
                0x00001ea0       0x70 src/watch.o
                0x00001ea0                tc_callback_second
 .text.rtc_match_callback
                0x00001f10       0x24 src/watch.o
                0x00001f10                rtc_match_callback
 .text.set_time
                0x00001f34       0x9c src/watch.o
                0x00001f34                set_time
 .text.set_alarm
                0x00001fd0       0x8c src/watch.o
                0x00001fd0                set_alarm
 .text.configure_rtc_calendar
                0x0000205c       0x7c src/watch.o
                0x0000205c                configure_rtc_calendar
 .text.configure_tc
                0x000020d8       0x64 src/watch.o
                0x000020d8                configure_tc
 .text.configure_tc_callbacks
                0x0000213c       0x50 src/watch.o
                0x0000213c                configure_tc_callbacks
 .text.cpu_irq_enter_critical
                0x0000218c       0x40 src/ASF/common/utils/interrupt/interrupt_sam_nvic.o
                0x0000218c                cpu_irq_enter_critical
 .text.cpu_irq_leave_critical
                0x000021cc       0x30 src/ASF/common/utils/interrupt/interrupt_sam_nvic.o
                0x000021cc                cpu_irq_leave_critical
 .text.system_board_init
                0x000021fc       0x38 src/ASF/sam0/boards/samd20_xplained_pro/board_init.o
                0x000021fc                board_init
                0x000021fc                system_board_init
 .text.port_pin_set_config
                0x00002234       0x24 src/ASF/sam0/drivers/port/port.o
                0x00002234                port_pin_set_config
 .text.system_clock_source_get_hz
                0x00002258       0x80 src/ASF/sam0/drivers/system/clock/clock_samd20/clock.o
                0x00002258                system_clock_source_get_hz
 .text.system_clock_source_osc8m_set_config
                0x000022d8       0x3c src/ASF/sam0/drivers/system/clock/clock_samd20/clock.o
                0x000022d8                system_clock_source_osc8m_set_config
 .text.system_clock_source_xosc32k_set_config
                0x00002314       0x8c src/ASF/sam0/drivers/system/clock/clock_samd20/clock.o
                0x00002314                system_clock_source_xosc32k_set_config
 .text.system_clock_source_enable
                0x000023a0       0x90 src/ASF/sam0/drivers/system/clock/clock_samd20/clock.o
                0x000023a0                system_clock_source_enable
 .text.system_clock_source_is_ready
                0x00002430       0x3c src/ASF/sam0/drivers/system/clock/clock_samd20/clock.o
                0x00002430                system_clock_source_is_ready
 .text.system_clock_init
                0x0000246c      0x104 src/ASF/sam0/drivers/system/clock/clock_samd20/clock.o
                0x0000246c                system_clock_init
 .text.system_gclk_init
                0x00002570       0x24 src/ASF/sam0/drivers/system/clock/clock_samd20/gclk.o
                0x00002570                system_gclk_init
 .text.system_gclk_gen_set_config
                0x00002594       0xb8 src/ASF/sam0/drivers/system/clock/clock_samd20/gclk.o
                0x00002594                system_gclk_gen_set_config
 .text.system_gclk_gen_enable
                0x0000264c       0x44 src/ASF/sam0/drivers/system/clock/clock_samd20/gclk.o
                0x0000264c                system_gclk_gen_enable
 .text.system_gclk_gen_get_hz
                0x00002690       0x8c src/ASF/sam0/drivers/system/clock/clock_samd20/gclk.o
                0x00002690                system_gclk_gen_get_hz
 .text.system_gclk_chan_enable
                0x0000271c       0x30 src/ASF/sam0/drivers/system/clock/clock_samd20/gclk.o
                0x0000271c                system_gclk_chan_enable
 .text.system_gclk_chan_disable
                0x0000274c       0x5c src/ASF/sam0/drivers/system/clock/clock_samd20/gclk.o
                0x0000274c                system_gclk_chan_disable
 .text.system_gclk_chan_set_config
                0x000027a8       0x1c src/ASF/sam0/drivers/system/clock/clock_samd20/gclk.o
                0x000027a8                system_gclk_chan_set_config
 .text.system_gclk_chan_get_hz
                0x000027c4       0x34 src/ASF/sam0/drivers/system/clock/clock_samd20/gclk.o
                0x000027c4                system_gclk_chan_get_hz
 .text._system_pinmux_config
                0x000027f8       0x88 src/ASF/sam0/drivers/system/pinmux/pinmux.o
 .text.system_pinmux_pin_set_config
                0x00002880       0x2c src/ASF/sam0/drivers/system/pinmux/pinmux.o
                0x00002880                system_pinmux_pin_set_config
 .text._system_dummy_init
                0x000028ac        0x4 src/ASF/sam0/drivers/system/system.o
                0x000028ac                _system_dummy_init
                0x000028ac                _system_events_init
 .text.HardFault_Handler
                0x000028b0        0x4 src/ASF/sam0/drivers/system/system.o
                0x000028b0                HardFault_Handler
 .text.system_init
                0x000028b4       0x24 src/ASF/sam0/drivers/system/system.o
                0x000028b4                system_init
 .text.Dummy_Handler
                0x000028d8        0x4 src/ASF/sam0/utils/cmsis/samd20/source/gcc/startup_samd20.o
                0x000028d8                AC_Handler
                0x000028d8                SysTick_Handler
                0x000028d8                PendSV_Handler
                0x000028d8                NMI_Handler
                0x000028d8                ADC_Handler
                0x000028d8                WDT_Handler
                0x000028d8                Dummy_Handler
                0x000028d8                PM_Handler
                0x000028d8                SVC_Handler
                0x000028d8                EVSYS_Handler
                0x000028d8                NVMCTRL_Handler
                0x000028d8                DAC_Handler
                0x000028d8                PTC_Handler
                0x000028d8                SYSCTRL_Handler
 .text.Reset_Handler
                0x000028dc       0x94 src/ASF/sam0/utils/cmsis/samd20/source/gcc/startup_samd20.o
                0x000028dc                Reset_Handler
 .text._sbrk    0x00002970       0x24 src/ASF/sam0/utils/syscalls/gcc/syscalls.o
                0x00002970                _sbrk
 .text.button_3_pressed
                0x00002994       0x24 src/buttons.o
                0x00002994                button_3_pressed
 .text.button_2_pressed
                0x000029b8       0x24 src/buttons.o
                0x000029b8                button_2_pressed
 .text.button_1_pressed
                0x000029dc       0x24 src/buttons.o
                0x000029dc                button_1_pressed
 .text.button_0_pressed
                0x00002a00       0x24 src/buttons.o
                0x00002a00                button_0_pressed
 .text.configure_buttons
                0x00002a24       0xac src/buttons.o
                0x00002a24                configure_buttons
 .text.usart_write_callback
                0x00002ad0       0x10 src/main.o
                0x00002ad0                usart_write_callback
 .text.do_cmd   0x00002ae0       0x30 src/main.o
                0x00002ae0                do_cmd
 .text.clear_buffer
                0x00002b10       0x20 src/main.o
                0x00002b10                clear_buffer
 .text.usart_read_callback
                0x00002b30       0x48 src/main.o
                0x00002b30                usart_read_callback
 .text.configure_usart
                0x00002b78       0xac src/main.o
                0x00002b78                configure_usart
 .text.configure_usart_callbacks
                0x00002c24       0x34 src/main.o
                0x00002c24                configure_usart_callbacks
 .text.main     0x00002c58       0xbc src/main.o
                0x00002c58                main
 .text          0x00002d14       0x9c c:/program files (x86)/atmel/atmel toolchain/arm gcc/native/4.7.1416/arm-gnu-toolchain/bin/../lib/gcc/arm-none-eabi/4.7.4/armv6-m\libgcc.a(_udivsi3.o)
                0x00002d14                __aeabi_uidiv
                0x00002d14                __udivsi3
                0x00002d9c                __aeabi_uidivmod
 .text          0x00002db0        0x4 c:/program files (x86)/atmel/atmel toolchain/arm gcc/native/4.7.1416/arm-gnu-toolchain/bin/../lib/gcc/arm-none-eabi/4.7.4/armv6-m\libgcc.a(_dvmd_tls.o)
                0x00002db0                __aeabi_idiv0
                0x00002db0                __aeabi_ldiv0
 .text          0x00002db4       0x40 c:/program files (x86)/atmel/atmel toolchain/arm gcc/native/4.7.1416/arm-gnu-toolchain/bin/../lib/gcc/arm-none-eabi/4.7.4/armv6-m\libgcc.a(_aeabi_uldivmod.o)
                0x00002db4                __aeabi_uldivmod
 .text          0x00002df4       0x44 c:/program files (x86)/atmel/atmel toolchain/arm gcc/native/4.7.1416/arm-gnu-toolchain/bin/../lib/gcc/arm-none-eabi/4.7.4/armv6-m\libgcc.a(_muldi3.o)
                0x00002df4                __muldi3
                0x00002df4                __aeabi_lmul
 .text          0x00002e38       0x74 c:/program files (x86)/atmel/atmel toolchain/arm gcc/native/4.7.1416/arm-gnu-toolchain/bin/../lib/gcc/arm-none-eabi/4.7.4/armv6-m\libgcc.a(bpabi.o)
                0x00002e38                __gnu_ldivmod_helper
                0x00002e74                __gnu_uldivmod_helper
 .text          0x00002eac      0x3d0 c:/program files (x86)/atmel/atmel toolchain/arm gcc/native/4.7.1416/arm-gnu-toolchain/bin/../lib/gcc/arm-none-eabi/4.7.4/armv6-m\libgcc.a(_divdi3.o)
                0x00002eac                __divdi3
 .text          0x0000327c      0x38c c:/program files (x86)/atmel/atmel toolchain/arm gcc/native/4.7.1416/arm-gnu-toolchain/bin/../lib/gcc/arm-none-eabi/4.7.4/armv6-m\libgcc.a(_udivdi3.o)
                0x0000327c                __udivdi3
 .text          0x00003608       0x3c c:/program files (x86)/atmel/atmel toolchain/arm gcc/native/4.7.1416/arm-gnu-toolchain/bin/../lib/gcc/arm-none-eabi/4.7.4/armv6-m\libgcc.a(_clzsi2.o)
                0x00003608                __clzsi2
 .text          0x00003644       0x9c c:/program files (x86)/atmel/atmel toolchain/arm gcc/native/4.7.1416/arm-gnu-toolchain/bin/../lib/gcc/arm-none-eabi/4.7.4/../../../../arm-none-eabi/lib/armv6-m\libc.a(lib_a-__atexit.o)
                0x00003644                __register_exitproc
 .text          0x000036e0       0x2c c:/program files (x86)/atmel/atmel toolchain/arm gcc/native/4.7.1416/arm-gnu-toolchain/bin/../lib/gcc/arm-none-eabi/4.7.4/../../../../arm-none-eabi/lib/armv6-m\libc.a(lib_a-fini.o)
                0x000036e0                __libc_fini_array
 .text          0x0000370c       0x4c c:/program files (x86)/atmel/atmel toolchain/arm gcc/native/4.7.1416/arm-gnu-toolchain/bin/../lib/gcc/arm-none-eabi/4.7.4/../../../../arm-none-eabi/lib/armv6-m\libc.a(lib_a-init.o)
                0x0000370c                __libc_init_array
 .text          0x00003758       0x12 c:/program files (x86)/atmel/atmel toolchain/arm gcc/native/4.7.1416/arm-gnu-toolchain/bin/../lib/gcc/arm-none-eabi/4.7.4/../../../../arm-none-eabi/lib/armv6-m\libc.a(lib_a-memcpy.o)
                0x00003758                memcpy
 .text          0x0000376a       0x10 c:/program files (x86)/atmel/atmel toolchain/arm gcc/native/4.7.1416/arm-gnu-toolchain/bin/../lib/gcc/arm-none-eabi/4.7.4/../../../../arm-none-eabi/lib/armv6-m\libc.a(lib_a-memset.o)
                0x0000376a                memset
 *fill*         0x0000377a        0x2 00
 .text          0x0000377c       0x84 c:/program files (x86)/atmel/atmel toolchain/arm gcc/native/4.7.1416/arm-gnu-toolchain/bin/../lib/gcc/arm-none-eabi/4.7.4/../../../../arm-none-eabi/lib/armv6-m\libc.a(lib_a-sprintf.o)
                0x0000377c                _sprintf_r
                0x000037bc                sprintf
 .text          0x00003800      0xf70 c:/program files (x86)/atmel/atmel toolchain/arm gcc/native/4.7.1416/arm-gnu-toolchain/bin/../lib/gcc/arm-none-eabi/4.7.4/../../../../arm-none-eabi/lib/armv6-m\libc.a(lib_a-svfprintf.o)
                0x00003800                _svfprintf_r
 .text.startup  0x00004770       0x18 c:/program files (x86)/atmel/atmel toolchain/arm gcc/native/4.7.1416/arm-gnu-toolchain/bin/../lib/gcc/arm-none-eabi/4.7.4/../../../../arm-none-eabi/lib/armv6-m\libc.a(lib_a-__call_atexit.o)
 .text          0x00004788       0x10 c:/program files (x86)/atmel/atmel toolchain/arm gcc/native/4.7.1416/arm-gnu-toolchain/bin/../lib/gcc/arm-none-eabi/4.7.4/../../../../arm-none-eabi/lib/armv6-m\libc.a(lib_a-atexit.o)
                0x00004788                atexit
 .text          0x00004798      0xc90 c:/program files (x86)/atmel/atmel toolchain/arm gcc/native/4.7.1416/arm-gnu-toolchain/bin/../lib/gcc/arm-none-eabi/4.7.4/../../../../arm-none-eabi/lib/armv6-m\libc.a(lib_a-dtoa.o)
                0x000048be                _dtoa_r
 .text          0x00005428      0x218 c:/program files (x86)/atmel/atmel toolchain/arm gcc/native/4.7.1416/arm-gnu-toolchain/bin/../lib/gcc/arm-none-eabi/4.7.4/../../../../arm-none-eabi/lib/armv6-m\libc.a(lib_a-freer.o)
                0x00005428                _malloc_trim_r
                0x000054c8                _free_r
 .text          0x00005640       0x98 c:/program files (x86)/atmel/atmel toolchain/arm gcc/native/4.7.1416/arm-gnu-toolchain/bin/../lib/gcc/arm-none-eabi/4.7.4/../../../../arm-none-eabi/lib/armv6-m\libc.a(lib_a-locale.o)
                0x00005640                _setlocale_r
                0x00005684                __locale_charset
                0x0000568c                __locale_mb_cur_max
                0x00005698                __locale_msgcharset
                0x000056a4                __locale_cjk_lang
                0x000056a8                _localeconv_r
                0x000056b4                setlocale
                0x000056cc                localeconv
 .text          0x000056d8      0x3e8 c:/program files (x86)/atmel/atmel toolchain/arm gcc/native/4.7.1416/arm-gnu-toolchain/bin/../lib/gcc/arm-none-eabi/4.7.4/../../../../arm-none-eabi/lib/armv6-m\libc.a(lib_a-mallocr.o)
                0x000056d8                _malloc_r
 .text          0x00005ac0       0x16 c:/program files (x86)/atmel/atmel toolchain/arm gcc/native/4.7.1416/arm-gnu-toolchain/bin/../lib/gcc/arm-none-eabi/4.7.4/../../../../arm-none-eabi/lib/armv6-m\libc.a(lib_a-memchr.o)
                0x00005ac0                memchr
 .text          0x00005ad6        0x4 c:/program files (x86)/atmel/atmel toolchain/arm gcc/native/4.7.1416/arm-gnu-toolchain/bin/../lib/gcc/arm-none-eabi/4.7.4/../../../../arm-none-eabi/lib/armv6-m\libc.a(lib_a-mlock.o)
                0x00005ad6                __malloc_lock
                0x00005ad8                __malloc_unlock
 *fill*         0x00005ada        0x6 00
 .text          0x00005ae0      0x7d8 c:/program files (x86)/atmel/atmel toolchain/arm gcc/native/4.7.1416/arm-gnu-toolchain/bin/../lib/gcc/arm-none-eabi/4.7.4/../../../../arm-none-eabi/lib/armv6-m\libc.a(lib_a-mprec.o)
                0x00005ae0                _Balloc
                0x00005b30                _Bfree
                0x00005b44                __multadd
                0x00005bc0                __s2b
                0x00005c40                __hi0bits
                0x00005c74                __lo0bits
                0x00005cce                __i2b
                0x00005ce0                __multiply
                0x00005e02                __pow5mult
                0x00005e88                __lshift
                0x00005f2c                __mcmp
                0x00005f64                __mdiff
                0x00006032                __ulp
                0x00006074                __b2d
                0x00006108                __d2b
                0x000061b4                __ratio
                0x000061fc                _mprec_log10
                0x0000623c                __copybits
                0x0000626a                __any_on
 .text          0x000062b8       0x68 c:/program files (x86)/atmel/atmel toolchain/arm gcc/native/4.7.1416/arm-gnu-toolchain/bin/../lib/gcc/arm-none-eabi/4.7.4/../../../../arm-none-eabi/lib/armv6-m\libc.a(lib_a-s_fpclassify.o)
                0x000062b8                __fpclassifyd
 .text          0x00006320       0x24 c:/program files (x86)/atmel/atmel toolchain/arm gcc/native/4.7.1416/arm-gnu-toolchain/bin/../lib/gcc/arm-none-eabi/4.7.4/../../../../arm-none-eabi/lib/armv6-m\libc.a(lib_a-sbrkr.o)
                0x00006320                _sbrk_r
 .text          0x00006344       0x14 c:/program files (x86)/atmel/atmel toolchain/arm gcc/native/4.7.1416/arm-gnu-toolchain/bin/../lib/gcc/arm-none-eabi/4.7.4/../../../../arm-none-eabi/lib/armv6-m\libc.a(lib_a-strcmp.o)
                0x00006344                strcmp
 .text          0x00006358        0xe c:/program files (x86)/atmel/atmel toolchain/arm gcc/native/4.7.1416/arm-gnu-toolchain/bin/../lib/gcc/arm-none-eabi/4.7.4/../../../../arm-none-eabi/lib/armv6-m\libc.a(lib_a-strlen.o)
                0x00006358                strlen
 *fill*         0x00006366        0x2 00
 .text          0x00006368      0x8e4 c:/program files (x86)/atmel/atmel toolchain/arm gcc/native/4.7.1416/arm-gnu-toolchain/bin/../lib/gcc/arm-none-eabi/4.7.4/../../../../arm-none-eabi/lib/armv6-m\libc.a(lib_a-svfiprintf.o)
                0x00006368                __ssprint_r
                0x00006468                _svfiprintf_r
 .text          0x00006c4c       0x5e c:/program files (x86)/atmel/atmel toolchain/arm gcc/native/4.7.1416/arm-gnu-toolchain/bin/../lib/gcc/arm-none-eabi/4.7.4/../../../../arm-none-eabi/lib/armv6-m\libc.a(lib_a-callocr.o)
                0x00006c4c                _calloc_r
 .text          0x00006caa       0x30 c:/program files (x86)/atmel/atmel toolchain/arm gcc/native/4.7.1416/arm-gnu-toolchain/bin/../lib/gcc/arm-none-eabi/4.7.4/../../../../arm-none-eabi/lib/armv6-m\libc.a(lib_a-memmove.o)
                0x00006caa                memmove
 *fill*         0x00006cda        0x2 00
 .text          0x00006cdc      0x340 c:/program files (x86)/atmel/atmel toolchain/arm gcc/native/4.7.1416/arm-gnu-toolchain/bin/../lib/gcc/arm-none-eabi/4.7.4/../../../../arm-none-eabi/lib/armv6-m\libc.a(lib_a-reallocr.o)
                0x00006cdc                _realloc_r
 .text          0x0000701c       0x14 c:/program files (x86)/atmel/atmel toolchain/arm gcc/native/4.7.1416/arm-gnu-toolchain/bin/../lib/gcc/arm-none-eabi/4.7.4/armv6-m\libgcc.a(_thumb1_case_uqi.o)
                0x0000701c                __gnu_thumb1_case_uqi
 .text          0x00007030       0x14 c:/program files (x86)/atmel/atmel toolchain/arm gcc/native/4.7.1416/arm-gnu-toolchain/bin/../lib/gcc/arm-none-eabi/4.7.4/armv6-m\libgcc.a(_thumb1_case_uhi.o)
                0x00007030                __gnu_thumb1_case_uhi
 .text          0x00007044       0xc0 c:/program files (x86)/atmel/atmel toolchain/arm gcc/native/4.7.1416/arm-gnu-toolchain/bin/../lib/gcc/arm-none-eabi/4.7.4/armv6-m\libgcc.a(_divsi3.o)
                0x00007044                __divsi3
                0x00007044                __aeabi_idiv
                0x000070f0                __aeabi_idivmod
 .text          0x00007104       0x7c c:/program files (x86)/atmel/atmel toolchain/arm gcc/native/4.7.1416/arm-gnu-toolchain/bin/../lib/gcc/arm-none-eabi/4.7.4/armv6-m\libgcc.a(_arm_cmpdf2.o)
                0x00007104                __aeabi_cdrcmple
                0x00007114                __aeabi_cdcmple
                0x00007114                __aeabi_cdcmpeq
                0x00007124                __aeabi_dcmpeq
                0x00007130                __aeabi_dcmplt
                0x00007144                __aeabi_dcmple
                0x00007158                __aeabi_dcmpgt
                0x0000716c                __aeabi_dcmpge
 .text          0x00007180      0x760 c:/program files (x86)/atmel/atmel toolchain/arm gcc/native/4.7.1416/arm-gnu-toolchain/bin/../lib/gcc/arm-none-eabi/4.7.4/armv6-m\libgcc.a(adddf3.o)
                0x00007180                __aeabi_dadd
 .text          0x000078e0      0x5b8 c:/program files (x86)/atmel/atmel toolchain/arm gcc/native/4.7.1416/arm-gnu-toolchain/bin/../lib/gcc/arm-none-eabi/4.7.4/armv6-m\libgcc.a(divdf3.o)
                0x000078e0                __aeabi_ddiv
 .text          0x00007e98       0x7c c:/program files (x86)/atmel/atmel toolchain/arm gcc/native/4.7.1416/arm-gnu-toolchain/bin/../lib/gcc/arm-none-eabi/4.7.4/armv6-m\libgcc.a(eqdf2.o)
                0x00007e98                __nedf2
                0x00007e98                __eqdf2
 .text          0x00007f14       0xe8 c:/program files (x86)/atmel/atmel toolchain/arm gcc/native/4.7.1416/arm-gnu-toolchain/bin/../lib/gcc/arm-none-eabi/4.7.4/armv6-m\libgcc.a(gedf2.o)
                0x00007f14                __gedf2
                0x00007f14                __gtdf2
 .text          0x00007ffc       0xd8 c:/program files (x86)/atmel/atmel toolchain/arm gcc/native/4.7.1416/arm-gnu-toolchain/bin/../lib/gcc/arm-none-eabi/4.7.4/armv6-m\libgcc.a(ledf2.o)
                0x00007ffc                __ledf2
                0x00007ffc                __ltdf2
 .text          0x000080d4      0x4e4 c:/program files (x86)/atmel/atmel toolchain/arm gcc/native/4.7.1416/arm-gnu-toolchain/bin/../lib/gcc/arm-none-eabi/4.7.4/armv6-m\libgcc.a(muldf3.o)
                0x000080d4                __aeabi_dmul
 .text          0x000085b8      0x704 c:/program files (x86)/atmel/atmel toolchain/arm gcc/native/4.7.1416/arm-gnu-toolchain/bin/../lib/gcc/arm-none-eabi/4.7.4/armv6-m\libgcc.a(subdf3.o)
                0x000085b8                __aeabi_dsub
 .text          0x00008cbc       0x68 c:/program files (x86)/atmel/atmel toolchain/arm gcc/native/4.7.1416/arm-gnu-toolchain/bin/../lib/gcc/arm-none-eabi/4.7.4/armv6-m\libgcc.a(fixdfsi.o)
                0x00008cbc                __aeabi_d2iz
 .text          0x00008d24       0x74 c:/program files (x86)/atmel/atmel toolchain/arm gcc/native/4.7.1416/arm-gnu-toolchain/bin/../lib/gcc/arm-none-eabi/4.7.4/armv6-m\libgcc.a(floatsidf.o)
                0x00008d24                __aeabi_i2d
 .text          0x00008d98       0x64 c:/program files (x86)/atmel/atmel toolchain/arm gcc/native/4.7.1416/arm-gnu-toolchain/bin/../lib/gcc/arm-none-eabi/4.7.4/armv6-m\libgcc.a(floatunsidf.o)
                0x00008d98                __aeabi_ui2d
 *(.glue_7t)
 .glue_7t       0x00000000        0x0 linker stubs
 *(.glue_7)
 .glue_7        0x00000000        0x0 linker stubs
 *(.rodata .rodata* .gnu.linkonce.r.*)
 .rodata.sysfont_glyphs
                0x00008dfc      0xbc0 src/ASF/common2/services/gfx_mono/sysfont.o
 .rodata        0x000099bc       0x20 src/ASF/sam0/drivers/sercom/sercom_interrupt.o
 .rodata        0x000099dc       0x38 src/ASF/sam0/drivers/tc/tc.o
 .rodata.str1.4
                0x00009a14       0x2e src/watch.o
                                 0x30 (size before relaxing)
 *fill*         0x00009a42        0x2 00
 .rodata.tc_interrupt_vectors.10588
                0x00009a44        0x8 src/watch.o
 .rodata.system_clock_source_get_hz
                0x00009a4c       0x20 src/ASF/sam0/drivers/system/clock/clock_samd20/clock.o
 .rodata.system_clock_source_enable
                0x00009a6c       0x20 src/ASF/sam0/drivers/system/clock/clock_samd20/clock.o
 .rodata.system_clock_source_is_ready
                0x00009a8c       0x20 src/ASF/sam0/drivers/system/clock/clock_samd20/clock.o
 .rodata        0x00009aac       0x30 src/buttons.o
 .rodata.str1.4
                0x00009adc       0x2d src/buttons.o
                                 0x30 (size before relaxing)
 *fill*         0x00009b09        0x3 00
 .rodata.str1.4
                0x00009b0c        0x8 src/main.o
 .rodata        0x00009b14        0x4 c:/program files (x86)/atmel/atmel toolchain/arm gcc/native/4.7.1416/arm-gnu-toolchain/bin/../lib/gcc/arm-none-eabi/4.7.4/../../../../arm-none-eabi/lib/armv6-m\libc.a(lib_a-impure.o)
                0x00009b14                _global_impure_ptr
 .rodata.str1.1
                0x00009b18        0x2 c:/program files (x86)/atmel/atmel toolchain/arm gcc/native/4.7.1416/arm-gnu-toolchain/bin/../lib/gcc/arm-none-eabi/4.7.4/../../../../arm-none-eabi/lib/armv6-m\libc.a(lib_a-impure.o)
 .rodata        0x00009b1a       0x20 c:/program files (x86)/atmel/atmel toolchain/arm gcc/native/4.7.1416/arm-gnu-toolchain/bin/../lib/gcc/arm-none-eabi/4.7.4/../../../../arm-none-eabi/lib/armv6-m\libc.a(lib_a-svfprintf.o)
 .rodata.str1.1
                0x00009b3a       0x34 c:/program files (x86)/atmel/atmel toolchain/arm gcc/native/4.7.1416/arm-gnu-toolchain/bin/../lib/gcc/arm-none-eabi/4.7.4/../../../../arm-none-eabi/lib/armv6-m\libc.a(lib_a-svfprintf.o)
 .rodata.str1.1
                0x00009b6e        0xd c:/program files (x86)/atmel/atmel toolchain/arm gcc/native/4.7.1416/arm-gnu-toolchain/bin/../lib/gcc/arm-none-eabi/4.7.4/../../../../arm-none-eabi/lib/armv6-m\libc.a(lib_a-dtoa.o)
                                  0xf (size before relaxing)
 .rodata.str1.1
                0x00009b7b        0x8 c:/program files (x86)/atmel/atmel toolchain/arm gcc/native/4.7.1416/arm-gnu-toolchain/bin/../lib/gcc/arm-none-eabi/4.7.4/../../../../arm-none-eabi/lib/armv6-m\libc.a(lib_a-locale.o)
                                  0xb (size before relaxing)
 *fill*         0x00009b83        0x5 00
 .rodata        0x00009b88      0x128 c:/program files (x86)/atmel/atmel toolchain/arm gcc/native/4.7.1416/arm-gnu-toolchain/bin/../lib/gcc/arm-none-eabi/4.7.4/../../../../arm-none-eabi/lib/armv6-m\libc.a(lib_a-mprec.o)
                0x00009b98                __mprec_tens
                0x00009c60                __mprec_tinytens
                0x00009c88                __mprec_bigtens
 .rodata        0x00009cb0       0x20 c:/program files (x86)/atmel/atmel toolchain/arm gcc/native/4.7.1416/arm-gnu-toolchain/bin/../lib/gcc/arm-none-eabi/4.7.4/../../../../arm-none-eabi/lib/armv6-m\libc.a(lib_a-svfiprintf.o)
 .rodata.str1.1
                0x00000000       0x22 c:/program files (x86)/atmel/atmel toolchain/arm gcc/native/4.7.1416/arm-gnu-toolchain/bin/../lib/gcc/arm-none-eabi/4.7.4/../../../../arm-none-eabi/lib/armv6-m\libc.a(lib_a-svfiprintf.o)
 .rodata        0x00009cd0       0x40 c:/program files (x86)/atmel/atmel toolchain/arm gcc/native/4.7.1416/arm-gnu-toolchain/bin/../lib/gcc/arm-none-eabi/4.7.4/armv6-m\libgcc.a(divdf3.o)
 .rodata        0x00009d10       0x40 c:/program files (x86)/atmel/atmel toolchain/arm gcc/native/4.7.1416/arm-gnu-toolchain/bin/../lib/gcc/arm-none-eabi/4.7.4/armv6-m\libgcc.a(muldf3.o)
 *(.ARM.extab* .gnu.linkonce.armextab.*)
                0x00009d50                . = ALIGN (0x4)
 *(.init)
 .init          0x00009d50        0x4 c:/program files (x86)/atmel/atmel toolchain/arm gcc/native/4.7.1416/arm-gnu-toolchain/bin/../lib/gcc/arm-none-eabi/4.7.4/armv6-m/crti.o
                0x00009d50                _init
 .init          0x00009d54        0x8 c:/program files (x86)/atmel/atmel toolchain/arm gcc/native/4.7.1416/arm-gnu-toolchain/bin/../lib/gcc/arm-none-eabi/4.7.4/armv6-m/crtn.o
                0x00009d5c                . = ALIGN (0x4)
                0x00009d5c                __preinit_array_start = .
 *(.preinit_array)
                0x00009d5c                __preinit_array_end = .
                0x00009d5c                . = ALIGN (0x4)
                0x00009d5c                __init_array_start = .
 *(SORT(.init_array.*))
 .init_array.00000
                0x00009d5c        0x4 c:/program files (x86)/atmel/atmel toolchain/arm gcc/native/4.7.1416/arm-gnu-toolchain/bin/../lib/gcc/arm-none-eabi/4.7.4/../../../../arm-none-eabi/lib/armv6-m\libc.a(lib_a-__call_atexit.o)
 *(.init_array)
 .init_array    0x00009d60        0x4 c:/program files (x86)/atmel/atmel toolchain/arm gcc/native/4.7.1416/arm-gnu-toolchain/bin/../lib/gcc/arm-none-eabi/4.7.4/armv6-m/crtbegin.o
                0x00009d64                __init_array_end = .
                0x00009d64                . = ALIGN (0x4)
 *crtbegin.o(.ctors)
 *(EXCLUDE_FILE(*crtend.o) .ctors)
 *(SORT(.ctors.*))
 *crtend.o(.ctors)
                0x00009d64                . = ALIGN (0x4)
 *(.fini)
 .fini          0x00009d64        0x4 c:/program files (x86)/atmel/atmel toolchain/arm gcc/native/4.7.1416/arm-gnu-toolchain/bin/../lib/gcc/arm-none-eabi/4.7.4/armv6-m/crti.o
                0x00009d64                _fini
 .fini          0x00009d68        0x8 c:/program files (x86)/atmel/atmel toolchain/arm gcc/native/4.7.1416/arm-gnu-toolchain/bin/../lib/gcc/arm-none-eabi/4.7.4/armv6-m/crtn.o
                0x00009d70                . = ALIGN (0x4)
                0x00009d70                __fini_array_start = .
 *(.fini_array)
 .fini_array    0x00009d70        0x4 c:/program files (x86)/atmel/atmel toolchain/arm gcc/native/4.7.1416/arm-gnu-toolchain/bin/../lib/gcc/arm-none-eabi/4.7.4/armv6-m/crtbegin.o
 *(SORT(.fini_array.*))
                0x00009d74                __fini_array_end = .
 *crtbegin.o(.dtors)
 *(EXCLUDE_FILE(*crtend.o) .dtors)
 *(SORT(.dtors.*))
 *crtend.o(.dtors)
                0x00009d74                . = ALIGN (0x4)
                0x00009d74                _efixed = .
                0x00009d74                PROVIDE (__exidx_start, .)

.vfp11_veneer   0x00009d74        0x0
 .vfp11_veneer  0x00000000        0x0 linker stubs

.v4_bx          0x00009d74        0x0
 .v4_bx         0x00000000        0x0 linker stubs

.iplt           0x00009d74        0x0
 .iplt          0x00000000        0x0 c:/program files (x86)/atmel/atmel toolchain/arm gcc/native/4.7.1416/arm-gnu-toolchain/bin/../lib/gcc/arm-none-eabi/4.7.4/armv6-m/crtbegin.o

.ARM.exidx      0x00009d74        0x8
 *(.ARM.exidx* .gnu.linkonce.armexidx.*)
 .ARM.exidx     0x00009d74        0x8 c:/program files (x86)/atmel/atmel toolchain/arm gcc/native/4.7.1416/arm-gnu-toolchain/bin/../lib/gcc/arm-none-eabi/4.7.4/armv6-m\libgcc.a(_divdi3.o)
 .ARM.exidx     0x00009d7c        0x0 c:/program files (x86)/atmel/atmel toolchain/arm gcc/native/4.7.1416/arm-gnu-toolchain/bin/../lib/gcc/arm-none-eabi/4.7.4/armv6-m\libgcc.a(_udivdi3.o)
                                  0x8 (size before relaxing)
                0x00009d7c                PROVIDE (__exidx_end, .)

.eh_frame       0x00009d7c        0x0
 .eh_frame      0x00009d7c        0x0 c:/program files (x86)/atmel/atmel toolchain/arm gcc/native/4.7.1416/arm-gnu-toolchain/bin/../lib/gcc/arm-none-eabi/4.7.4/armv6-m/crtbegin.o

.rel.dyn        0x00009d7c        0x0
 .rel.iplt      0x00000000        0x0 c:/program files (x86)/atmel/atmel toolchain/arm gcc/native/4.7.1416/arm-gnu-toolchain/bin/../lib/gcc/arm-none-eabi/4.7.4/armv6-m/crtbegin.o

.jcr            0x00009d7c        0x0
 .jcr           0x00009d7c        0x0 c:/program files (x86)/atmel/atmel toolchain/arm gcc/native/4.7.1416/arm-gnu-toolchain/bin/../lib/gcc/arm-none-eabi/4.7.4/armv6-m/crtbegin.o

.tm_clone_table
                0x00009d7c        0x0
 .tm_clone_table
                0x00009d7c        0x0 c:/program files (x86)/atmel/atmel toolchain/arm gcc/native/4.7.1416/arm-gnu-toolchain/bin/../lib/gcc/arm-none-eabi/4.7.4/armv6-m/crtbegin.o
 .tm_clone_table
                0x00009d7c        0x0 c:/program files (x86)/atmel/atmel toolchain/arm gcc/native/4.7.1416/arm-gnu-toolchain/bin/../lib/gcc/arm-none-eabi/4.7.4/armv6-m/crtend.o

.igot.plt       0x00009d7c        0x0
 .igot.plt      0x00000000        0x0 c:/program files (x86)/atmel/atmel toolchain/arm gcc/native/4.7.1416/arm-gnu-toolchain/bin/../lib/gcc/arm-none-eabi/4.7.4/armv6-m/crtbegin.o
                0x00009d7c                . = ALIGN (0x4)
                0x00009d7c                _etext = .

.relocate       0x20000000      0x8d4 load address 0x00009d7c
                0x20000000                . = ALIGN (0x4)
                0x20000000                _srelocate = .
 *(.ramfunc .ramfunc.*)
 *(.data .data.*)
 .data.cycles_per_us
                0x20000000        0x4 src/ASF/common2/services/delay/sam0/cycle_counter.o
 .data.cycles_per_ms
                0x20000004        0x4 src/ASF/common2/services/delay/sam0/cycle_counter.o
 .data.sysfont  0x20000008        0xc src/ASF/common2/services/gfx_mono/sysfont.o
                0x20000008                sysfont
 .data.g_interrupt_enabled
                0x20000014        0x1 src/ASF/common/utils/interrupt/interrupt_sam_nvic.o
                0x20000014                g_interrupt_enabled
 *fill*         0x20000015        0x3 00
 .data          0x20000018      0x430 c:/program files (x86)/atmel/atmel toolchain/arm gcc/native/4.7.1416/arm-gnu-toolchain/bin/../lib/gcc/arm-none-eabi/4.7.4/../../../../arm-none-eabi/lib/armv6-m\libc.a(lib_a-impure.o)
                0x20000018                _impure_ptr
 .data          0x20000448       0x7c c:/program files (x86)/atmel/atmel toolchain/arm gcc/native/4.7.1416/arm-gnu-toolchain/bin/../lib/gcc/arm-none-eabi/4.7.4/../../../../arm-none-eabi/lib/armv6-m\libc.a(lib_a-locale.o)
                0x20000468                __mb_cur_max
 .data          0x200004c4      0x410 c:/program files (x86)/atmel/atmel toolchain/arm gcc/native/4.7.1416/arm-gnu-toolchain/bin/../lib/gcc/arm-none-eabi/4.7.4/../../../../arm-none-eabi/lib/armv6-m\libc.a(lib_a-mallocr.o)
                0x200004c4                __malloc_av_
                0x200008cc                __malloc_sbrk_base
                0x200008d0                __malloc_trim_threshold
                0x200008d4                . = ALIGN (0x4)
                0x200008d4                _erelocate = .

.bss            0x200008d4      0x3d4 load address 0x0000a650
                0x200008d4                . = ALIGN (0x4)
                0x200008d4                _sbss = .
                0x200008d4                _szero = .
 *(.bss .bss.*)
 .bss           0x200008d4       0x1c c:/program files (x86)/atmel/atmel toolchain/arm gcc/native/4.7.1416/arm-gnu-toolchain/bin/../lib/gcc/arm-none-eabi/4.7.4/armv6-m/crtbegin.o
 .bss.fbpointer
                0x200008f0        0x4 src/ASF/common2/services/gfx_mono/gfx_mono_framebuffer.o
 .bss.framebuffer
                0x200008f4      0x200 src/ASF/common2/services/gfx_mono/gfx_mono_ug_2832hsweg04.o
 .bss._sercom_config
                0x20000af4        0x4 src/ASF/sam0/drivers/sercom/sercom.o
 .bss._handler_table_initialized
                0x20000af8        0x1 src/ASF/sam0/drivers/sercom/sercom_interrupt.o
 *fill*         0x20000af9        0x3 00
 .bss._sercom_interrupt_handlers
                0x20000afc       0x18 src/ASF/sam0/drivers/sercom/sercom_interrupt.o
 .bss.awake     0x20000b14        0x1 src/sleep.o
                0x20000b14                awake
 *fill*         0x20000b15        0x3 00
 .bss.compare_value.10639
                0x20000b18        0x4 src/watch.o
 .bss.cpu_irq_critical_section_counter
                0x20000b1c        0x4 src/ASF/common/utils/interrupt/interrupt_sam_nvic.o
 .bss.cpu_irq_prev_interrupt_state
                0x20000b20        0x1 src/ASF/common/utils/interrupt/interrupt_sam_nvic.o
 *fill*         0x20000b21        0x3 00
 .bss._system_clock_inst
                0x20000b24       0x14 src/ASF/sam0/drivers/system/clock/clock_samd20/clock.o
 .bss.heap.5084
                0x20000b38        0x4 src/ASF/sam0/utils/syscalls/gcc/syscalls.o
 .bss           0x20000b3c       0x34 c:/program files (x86)/atmel/atmel toolchain/arm gcc/native/4.7.1416/arm-gnu-toolchain/bin/../lib/gcc/arm-none-eabi/4.7.4/../../../../arm-none-eabi/lib/armv6-m\libc.a(lib_a-mallocr.o)
                0x20000b3c                __malloc_top_pad
                0x20000b40                __malloc_current_mallinfo
                0x20000b68                __malloc_max_sbrked_mem
                0x20000b6c                __malloc_max_total_mem
 *(COMMON)
 COMMON         0x20000b70       0x37 src/ASF/common2/components/display/ssd1306/ssd1306.o
                0x20000b70                ssd1306_master
                0x20000ba4                ssd1306_slave
 *fill*         0x20000ba7        0x1 00
 COMMON         0x20000ba8       0x40 src/ASF/sam0/drivers/extint/extint.o
                0x20000ba8                _extint_dev
 COMMON         0x20000be8        0x4 src/ASF/sam0/drivers/rtc/rtc_calendar.o
                0x20000be8                _rtc_instance
 COMMON         0x20000bec       0x18 src/ASF/sam0/drivers/sercom/sercom_interrupt.o
                0x20000bec                _sercom_instances
 COMMON         0x20000c04        0x2 src/ASF/sam0/drivers/sercom/spi/spi_interrupt.o
                0x20000c04                dummy_write
 *fill*         0x20000c06        0x2 00
 COMMON         0x20000c08       0x20 src/ASF/sam0/drivers/tc/tc_interrupt.o
                0x20000c08                _tc_instances
 COMMON         0x20000c28        0x1 src/sleep.o
                0x20000c28                awake_time
 *fill*         0x20000c29        0x3 00
 COMMON         0x20000c2c       0x30 src/watch.o
                0x20000c2c                rtc_instance
                0x20000c40                tc_instance
 COMMON         0x20000c5c       0x48 src/main.o
                0x20000c5c                usart_instance
                0x20000c80                rx_buffer
                0x20000c81                cmd_buffer_size
                0x20000c84                cmd_buffer
 COMMON         0x20000ca4        0x4 c:/program files (x86)/atmel/atmel toolchain/arm gcc/native/4.7.1416/arm-gnu-toolchain/bin/../lib/gcc/arm-none-eabi/4.7.4/../../../../arm-none-eabi/lib/armv6-m\libc.a(lib_a-reent.o)
                0x20000ca4                errno
                0x20000ca8                . = ALIGN (0x4)
                0x20000ca8                _ebss = .
                0x20000ca8                _ezero = .

.stack          0x20000ca8     0x2000 load address 0x0000aa24
                0x20000ca8                . = ALIGN (0x8)
                0x20000ca8                _sstack = .
                0x20002ca8                . = (. + __stack_size__)
 *fill*         0x20000ca8     0x2000 00
                0x20002ca8                . = ALIGN (0x8)
                0x20002ca8                _estack = .
                0x20002ca8                . = ALIGN (0x4)
                0x20002ca8                _end = .
OUTPUT(clock.elf elf32-littlearm)

.ARM.attributes
                0x00000000       0x28
 .ARM.attributes
                0x00000000       0x1e c:/program files (x86)/atmel/atmel toolchain/arm gcc/native/4.7.1416/arm-gnu-toolchain/bin/../lib/gcc/arm-none-eabi/4.7.4/armv6-m/crti.o
 .ARM.attributes
                0x0000001e       0x2c c:/program files (x86)/atmel/atmel toolchain/arm gcc/native/4.7.1416/arm-gnu-toolchain/bin/../lib/gcc/arm-none-eabi/4.7.4/armv6-m/crtbegin.o
 .ARM.attributes
                0x0000004a       0x32 src/ASF/common2/components/display/ssd1306/ssd1306.o
 .ARM.attributes
                0x0000007c       0x32 src/ASF/common2/services/delay/sam0/cycle_counter.o
 .ARM.attributes
                0x000000ae       0x32 src/ASF/common2/services/gfx_mono/gfx_mono_framebuffer.o
 .ARM.attributes
                0x000000e0       0x32 src/ASF/common2/services/gfx_mono/gfx_mono_generic.o
 .ARM.attributes
                0x00000112       0x32 src/ASF/common2/services/gfx_mono/gfx_mono_text.o
 .ARM.attributes
                0x00000144       0x32 src/ASF/common2/services/gfx_mono/gfx_mono_ug_2832hsweg04.o
 .ARM.attributes
                0x00000176       0x32 src/ASF/common2/services/gfx_mono/sysfont.o
 .ARM.attributes
                0x000001a8       0x32 src/ASF/sam0/drivers/extint/extint.o
 .ARM.attributes
                0x000001da       0x32 src/ASF/sam0/drivers/extint/extint_callback.o
 .ARM.attributes
                0x0000020c       0x32 src/ASF/sam0/drivers/rtc/rtc_calendar.o
 .ARM.attributes
                0x0000023e       0x32 src/ASF/sam0/drivers/rtc/rtc_calendar_interrupt.o
 .ARM.attributes
                0x00000270       0x32 src/ASF/sam0/drivers/sercom/sercom.o
 .ARM.attributes
                0x000002a2       0x32 src/ASF/sam0/drivers/sercom/sercom_interrupt.o
 .ARM.attributes
                0x000002d4       0x32 src/ASF/sam0/drivers/sercom/spi/spi.o
 .ARM.attributes
                0x00000306       0x32 src/ASF/sam0/drivers/sercom/spi/spi_interrupt.o
 .ARM.attributes
                0x00000338       0x32 src/ASF/sam0/drivers/sercom/usart/usart.o
 .ARM.attributes
                0x0000036a       0x32 src/ASF/sam0/drivers/sercom/usart/usart_interrupt.o
 .ARM.attributes
                0x0000039c       0x32 src/ASF/sam0/drivers/tc/tc.o
 .ARM.attributes
                0x000003ce       0x32 src/ASF/sam0/drivers/tc/tc_interrupt.o
 .ARM.attributes
                0x00000400       0x32 src/sleep.o
 .ARM.attributes
                0x00000432       0x32 src/watch.o
 .ARM.attributes
                0x00000464       0x32 src/ASF/common/utils/interrupt/interrupt_sam_nvic.o
 .ARM.attributes
                0x00000496       0x32 src/ASF/sam0/boards/samd20_xplained_pro/board_init.o
 .ARM.attributes
                0x000004c8       0x32 src/ASF/sam0/drivers/port/port.o
 .ARM.attributes
                0x000004fa       0x32 src/ASF/sam0/drivers/system/clock/clock_samd20/clock.o
 .ARM.attributes
                0x0000052c       0x32 src/ASF/sam0/drivers/system/clock/clock_samd20/gclk.o
 .ARM.attributes
                0x0000055e       0x32 src/ASF/sam0/drivers/system/pinmux/pinmux.o
 .ARM.attributes
                0x00000590       0x32 src/ASF/sam0/drivers/system/system.o
 .ARM.attributes
                0x000005c2       0x32 src/ASF/sam0/utils/cmsis/samd20/source/gcc/startup_samd20.o
 .ARM.attributes
                0x000005f4       0x32 src/ASF/sam0/utils/syscalls/gcc/syscalls.o
 .ARM.attributes
                0x00000626       0x32 src/buttons.o
 .ARM.attributes
                0x00000658       0x32 src/main.o
 .ARM.attributes
                0x0000068a       0x1e c:/program files (x86)/atmel/atmel toolchain/arm gcc/native/4.7.1416/arm-gnu-toolchain/bin/../lib/gcc/arm-none-eabi/4.7.4/armv6-m\libgcc.a(_udivsi3.o)
 .ARM.attributes
                0x000006a8       0x1e c:/program files (x86)/atmel/atmel toolchain/arm gcc/native/4.7.1416/arm-gnu-toolchain/bin/../lib/gcc/arm-none-eabi/4.7.4/armv6-m\libgcc.a(_dvmd_tls.o)
 .ARM.attributes
                0x000006c6       0x1e c:/program files (x86)/atmel/atmel toolchain/arm gcc/native/4.7.1416/arm-gnu-toolchain/bin/../lib/gcc/arm-none-eabi/4.7.4/armv6-m\libgcc.a(_aeabi_uldivmod.o)
 .ARM.attributes
                0x000006e4       0x2c c:/program files (x86)/atmel/atmel toolchain/arm gcc/native/4.7.1416/arm-gnu-toolchain/bin/../lib/gcc/arm-none-eabi/4.7.4/armv6-m\libgcc.a(_muldi3.o)
 .ARM.attributes
                0x00000710       0x2c c:/program files (x86)/atmel/atmel toolchain/arm gcc/native/4.7.1416/arm-gnu-toolchain/bin/../lib/gcc/arm-none-eabi/4.7.4/armv6-m\libgcc.a(bpabi.o)
 .ARM.attributes
                0x0000073c       0x2c c:/program files (x86)/atmel/atmel toolchain/arm gcc/native/4.7.1416/arm-gnu-toolchain/bin/../lib/gcc/arm-none-eabi/4.7.4/armv6-m\libgcc.a(_divdi3.o)
 .ARM.attributes
                0x00000768       0x2c c:/program files (x86)/atmel/atmel toolchain/arm gcc/native/4.7.1416/arm-gnu-toolchain/bin/../lib/gcc/arm-none-eabi/4.7.4/armv6-m\libgcc.a(_udivdi3.o)
 .ARM.attributes
                0x00000794       0x1e c:/program files (x86)/atmel/atmel toolchain/arm gcc/native/4.7.1416/arm-gnu-toolchain/bin/../lib/gcc/arm-none-eabi/4.7.4/armv6-m\libgcc.a(_clzsi2.o)
 .ARM.attributes
                0x000007b2       0x2c c:/program files (x86)/atmel/atmel toolchain/arm gcc/native/4.7.1416/arm-gnu-toolchain/bin/../lib/gcc/arm-none-eabi/4.7.4/../../../../arm-none-eabi/lib/armv6-m\libc.a(lib_a-__atexit.o)
 .ARM.attributes
                0x000007de       0x2c c:/program files (x86)/atmel/atmel toolchain/arm gcc/native/4.7.1416/arm-gnu-toolchain/bin/../lib/gcc/arm-none-eabi/4.7.4/../../../../arm-none-eabi/lib/armv6-m\libc.a(lib_a-fini.o)
 .ARM.attributes
                0x0000080a       0x2c c:/program files (x86)/atmel/atmel toolchain/arm gcc/native/4.7.1416/arm-gnu-toolchain/bin/../lib/gcc/arm-none-eabi/4.7.4/../../../../arm-none-eabi/lib/armv6-m\libc.a(lib_a-impure.o)
 .ARM.attributes
                0x00000836       0x2c c:/program files (x86)/atmel/atmel toolchain/arm gcc/native/4.7.1416/arm-gnu-toolchain/bin/../lib/gcc/arm-none-eabi/4.7.4/../../../../arm-none-eabi/lib/armv6-m\libc.a(lib_a-init.o)
 .ARM.attributes
                0x00000862       0x2c c:/program files (x86)/atmel/atmel toolchain/arm gcc/native/4.7.1416/arm-gnu-toolchain/bin/../lib/gcc/arm-none-eabi/4.7.4/../../../../arm-none-eabi/lib/armv6-m\libc.a(lib_a-memcpy.o)
 .ARM.attributes
                0x0000088e       0x2c c:/program files (x86)/atmel/atmel toolchain/arm gcc/native/4.7.1416/arm-gnu-toolchain/bin/../lib/gcc/arm-none-eabi/4.7.4/../../../../arm-none-eabi/lib/armv6-m\libc.a(lib_a-memset.o)
 .ARM.attributes
                0x000008ba       0x2c c:/program files (x86)/atmel/atmel toolchain/arm gcc/native/4.7.1416/arm-gnu-toolchain/bin/../lib/gcc/arm-none-eabi/4.7.4/../../../../arm-none-eabi/lib/armv6-m\libc.a(lib_a-sprintf.o)
 .ARM.attributes
                0x000008e6       0x2c c:/program files (x86)/atmel/atmel toolchain/arm gcc/native/4.7.1416/arm-gnu-toolchain/bin/../lib/gcc/arm-none-eabi/4.7.4/../../../../arm-none-eabi/lib/armv6-m\libc.a(lib_a-svfprintf.o)
 .ARM.attributes
                0x00000912       0x2c c:/program files (x86)/atmel/atmel toolchain/arm gcc/native/4.7.1416/arm-gnu-toolchain/bin/../lib/gcc/arm-none-eabi/4.7.4/../../../../arm-none-eabi/lib/armv6-m\libc.a(lib_a-__call_atexit.o)
 .ARM.attributes
                0x0000093e       0x2c c:/program files (x86)/atmel/atmel toolchain/arm gcc/native/4.7.1416/arm-gnu-toolchain/bin/../lib/gcc/arm-none-eabi/4.7.4/../../../../arm-none-eabi/lib/armv6-m\libc.a(lib_a-atexit.o)
 .ARM.attributes
                0x0000096a       0x2c c:/program files (x86)/atmel/atmel toolchain/arm gcc/native/4.7.1416/arm-gnu-toolchain/bin/../lib/gcc/arm-none-eabi/4.7.4/../../../../arm-none-eabi/lib/armv6-m\libc.a(lib_a-dtoa.o)
 .ARM.attributes
                0x00000996       0x2c c:/program files (x86)/atmel/atmel toolchain/arm gcc/native/4.7.1416/arm-gnu-toolchain/bin/../lib/gcc/arm-none-eabi/4.7.4/../../../../arm-none-eabi/lib/armv6-m\libc.a(lib_a-freer.o)
 .ARM.attributes
                0x000009c2       0x2c c:/program files (x86)/atmel/atmel toolchain/arm gcc/native/4.7.1416/arm-gnu-toolchain/bin/../lib/gcc/arm-none-eabi/4.7.4/../../../../arm-none-eabi/lib/armv6-m\libc.a(lib_a-locale.o)
 .ARM.attributes
                0x000009ee       0x2c c:/program files (x86)/atmel/atmel toolchain/arm gcc/native/4.7.1416/arm-gnu-toolchain/bin/../lib/gcc/arm-none-eabi/4.7.4/../../../../arm-none-eabi/lib/armv6-m\libc.a(lib_a-mallocr.o)
 .ARM.attributes
                0x00000a1a       0x2c c:/program files (x86)/atmel/atmel toolchain/arm gcc/native/4.7.1416/arm-gnu-toolchain/bin/../lib/gcc/arm-none-eabi/4.7.4/../../../../arm-none-eabi/lib/armv6-m\libc.a(lib_a-memchr.o)
 .ARM.attributes
                0x00000a46       0x2c c:/program files (x86)/atmel/atmel toolchain/arm gcc/native/4.7.1416/arm-gnu-toolchain/bin/../lib/gcc/arm-none-eabi/4.7.4/../../../../arm-none-eabi/lib/armv6-m\libc.a(lib_a-mlock.o)
 .ARM.attributes
                0x00000a72       0x2c c:/program files (x86)/atmel/atmel toolchain/arm gcc/native/4.7.1416/arm-gnu-toolchain/bin/../lib/gcc/arm-none-eabi/4.7.4/../../../../arm-none-eabi/lib/armv6-m\libc.a(lib_a-mprec.o)
 .ARM.attributes
                0x00000a9e       0x2c c:/program files (x86)/atmel/atmel toolchain/arm gcc/native/4.7.1416/arm-gnu-toolchain/bin/../lib/gcc/arm-none-eabi/4.7.4/../../../../arm-none-eabi/lib/armv6-m\libc.a(lib_a-s_fpclassify.o)
 .ARM.attributes
                0x00000aca       0x2c c:/program files (x86)/atmel/atmel toolchain/arm gcc/native/4.7.1416/arm-gnu-toolchain/bin/../lib/gcc/arm-none-eabi/4.7.4/../../../../arm-none-eabi/lib/armv6-m\libc.a(lib_a-sbrkr.o)
 .ARM.attributes
                0x00000af6       0x2c c:/program files (x86)/atmel/atmel toolchain/arm gcc/native/4.7.1416/arm-gnu-toolchain/bin/../lib/gcc/arm-none-eabi/4.7.4/../../../../arm-none-eabi/lib/armv6-m\libc.a(lib_a-strcmp.o)
 .ARM.attributes
                0x00000b22       0x2c c:/program files (x86)/atmel/atmel toolchain/arm gcc/native/4.7.1416/arm-gnu-toolchain/bin/../lib/gcc/arm-none-eabi/4.7.4/../../../../arm-none-eabi/lib/armv6-m\libc.a(lib_a-strlen.o)
 .ARM.attributes
                0x00000b4e       0x2c c:/program files (x86)/atmel/atmel toolchain/arm gcc/native/4.7.1416/arm-gnu-toolchain/bin/../lib/gcc/arm-none-eabi/4.7.4/../../../../arm-none-eabi/lib/armv6-m\libc.a(lib_a-svfiprintf.o)
 .ARM.attributes
                0x00000b7a       0x2c c:/program files (x86)/atmel/atmel toolchain/arm gcc/native/4.7.1416/arm-gnu-toolchain/bin/../lib/gcc/arm-none-eabi/4.7.4/../../../../arm-none-eabi/lib/armv6-m\libc.a(lib_a-callocr.o)
 .ARM.attributes
                0x00000ba6       0x2c c:/program files (x86)/atmel/atmel toolchain/arm gcc/native/4.7.1416/arm-gnu-toolchain/bin/../lib/gcc/arm-none-eabi/4.7.4/../../../../arm-none-eabi/lib/armv6-m\libc.a(lib_a-memmove.o)
 .ARM.attributes
                0x00000bd2       0x2c c:/program files (x86)/atmel/atmel toolchain/arm gcc/native/4.7.1416/arm-gnu-toolchain/bin/../lib/gcc/arm-none-eabi/4.7.4/../../../../arm-none-eabi/lib/armv6-m\libc.a(lib_a-reallocr.o)
 .ARM.attributes
                0x00000bfe       0x2c c:/program files (x86)/atmel/atmel toolchain/arm gcc/native/4.7.1416/arm-gnu-toolchain/bin/../lib/gcc/arm-none-eabi/4.7.4/../../../../arm-none-eabi/lib/armv6-m\libc.a(lib_a-reent.o)
 .ARM.attributes
                0x00000c2a       0x1e c:/program files (x86)/atmel/atmel toolchain/arm gcc/native/4.7.1416/arm-gnu-toolchain/bin/../lib/gcc/arm-none-eabi/4.7.4/armv6-m\libgcc.a(_thumb1_case_uqi.o)
 .ARM.attributes
                0x00000c48       0x1e c:/program files (x86)/atmel/atmel toolchain/arm gcc/native/4.7.1416/arm-gnu-toolchain/bin/../lib/gcc/arm-none-eabi/4.7.4/armv6-m\libgcc.a(_thumb1_case_uhi.o)
 .ARM.attributes
                0x00000c66       0x1e c:/program files (x86)/atmel/atmel toolchain/arm gcc/native/4.7.1416/arm-gnu-toolchain/bin/../lib/gcc/arm-none-eabi/4.7.4/armv6-m\libgcc.a(_divsi3.o)
 .ARM.attributes
                0x00000c84       0x1e c:/program files (x86)/atmel/atmel toolchain/arm gcc/native/4.7.1416/arm-gnu-toolchain/bin/../lib/gcc/arm-none-eabi/4.7.4/armv6-m\libgcc.a(_arm_cmpdf2.o)
 .ARM.attributes
                0x00000ca2       0x2c c:/program files (x86)/atmel/atmel toolchain/arm gcc/native/4.7.1416/arm-gnu-toolchain/bin/../lib/gcc/arm-none-eabi/4.7.4/armv6-m\libgcc.a(adddf3.o)
 .ARM.attributes
                0x00000cce       0x2c c:/program files (x86)/atmel/atmel toolchain/arm gcc/native/4.7.1416/arm-gnu-toolchain/bin/../lib/gcc/arm-none-eabi/4.7.4/armv6-m\libgcc.a(divdf3.o)
 .ARM.attributes
                0x00000cfa       0x2c c:/program files (x86)/atmel/atmel toolchain/arm gcc/native/4.7.1416/arm-gnu-toolchain/bin/../lib/gcc/arm-none-eabi/4.7.4/armv6-m\libgcc.a(eqdf2.o)
 .ARM.attributes
                0x00000d26       0x2c c:/program files (x86)/atmel/atmel toolchain/arm gcc/native/4.7.1416/arm-gnu-toolchain/bin/../lib/gcc/arm-none-eabi/4.7.4/armv6-m\libgcc.a(gedf2.o)
 .ARM.attributes
                0x00000d52       0x2c c:/program files (x86)/atmel/atmel toolchain/arm gcc/native/4.7.1416/arm-gnu-toolchain/bin/../lib/gcc/arm-none-eabi/4.7.4/armv6-m\libgcc.a(ledf2.o)
 .ARM.attributes
                0x00000d7e       0x2c c:/program files (x86)/atmel/atmel toolchain/arm gcc/native/4.7.1416/arm-gnu-toolchain/bin/../lib/gcc/arm-none-eabi/4.7.4/armv6-m\libgcc.a(muldf3.o)
 .ARM.attributes
                0x00000daa       0x2c c:/program files (x86)/atmel/atmel toolchain/arm gcc/native/4.7.1416/arm-gnu-toolchain/bin/../lib/gcc/arm-none-eabi/4.7.4/armv6-m\libgcc.a(subdf3.o)
 .ARM.attributes
                0x00000dd6       0x2c c:/program files (x86)/atmel/atmel toolchain/arm gcc/native/4.7.1416/arm-gnu-toolchain/bin/../lib/gcc/arm-none-eabi/4.7.4/armv6-m\libgcc.a(fixdfsi.o)
 .ARM.attributes
                0x00000e02       0x2c c:/program files (x86)/atmel/atmel toolchain/arm gcc/native/4.7.1416/arm-gnu-toolchain/bin/../lib/gcc/arm-none-eabi/4.7.4/armv6-m\libgcc.a(floatsidf.o)
 .ARM.attributes
                0x00000e2e       0x2c c:/program files (x86)/atmel/atmel toolchain/arm gcc/native/4.7.1416/arm-gnu-toolchain/bin/../lib/gcc/arm-none-eabi/4.7.4/armv6-m\libgcc.a(floatunsidf.o)
 .ARM.attributes
                0x00000e5a       0x2c c:/program files (x86)/atmel/atmel toolchain/arm gcc/native/4.7.1416/arm-gnu-toolchain/bin/../lib/gcc/arm-none-eabi/4.7.4/armv6-m/crtend.o
 .ARM.attributes
                0x00000e86       0x1e c:/program files (x86)/atmel/atmel toolchain/arm gcc/native/4.7.1416/arm-gnu-toolchain/bin/../lib/gcc/arm-none-eabi/4.7.4/armv6-m/crtn.o

.comment        0x00000000       0x71
 .comment       0x00000000       0x71 c:/program files (x86)/atmel/atmel toolchain/arm gcc/native/4.7.1416/arm-gnu-toolchain/bin/../lib/gcc/arm-none-eabi/4.7.4/armv6-m/crtbegin.o
                                 0x72 (size before relaxing)
 .comment       0x00000000       0x72 src/ASF/common2/components/display/ssd1306/ssd1306.o
 .comment       0x00000000       0x72 src/ASF/common2/services/delay/sam0/cycle_counter.o
 .comment       0x00000000       0x72 src/ASF/common2/services/gfx_mono/gfx_mono_framebuffer.o
 .comment       0x00000000       0x72 src/ASF/common2/services/gfx_mono/gfx_mono_generic.o
 .comment       0x00000000       0x72 src/ASF/common2/services/gfx_mono/gfx_mono_text.o
 .comment       0x00000000       0x72 src/ASF/common2/services/gfx_mono/gfx_mono_ug_2832hsweg04.o
 .comment       0x00000000       0x72 src/ASF/common2/services/gfx_mono/sysfont.o
 .comment       0x00000000       0x72 src/ASF/sam0/drivers/extint/extint.o
 .comment       0x00000000       0x72 src/ASF/sam0/drivers/extint/extint_callback.o
 .comment       0x00000000       0x72 src/ASF/sam0/drivers/rtc/rtc_calendar.o
 .comment       0x00000000       0x72 src/ASF/sam0/drivers/rtc/rtc_calendar_interrupt.o
 .comment       0x00000000       0x72 src/ASF/sam0/drivers/sercom/sercom.o
 .comment       0x00000000       0x72 src/ASF/sam0/drivers/sercom/sercom_interrupt.o
 .comment       0x00000000       0x72 src/ASF/sam0/drivers/sercom/spi/spi.o
 .comment       0x00000000       0x72 src/ASF/sam0/drivers/sercom/spi/spi_interrupt.o
 .comment       0x00000000       0x72 src/ASF/sam0/drivers/sercom/usart/usart.o
 .comment       0x00000000       0x72 src/ASF/sam0/drivers/sercom/usart/usart_interrupt.o
 .comment       0x00000000       0x72 src/ASF/sam0/drivers/tc/tc.o
 .comment       0x00000000       0x72 src/ASF/sam0/drivers/tc/tc_interrupt.o
 .comment       0x00000000       0x72 src/sleep.o
 .comment       0x00000000       0x72 src/watch.o
 .comment       0x00000000       0x72 src/ASF/common/utils/interrupt/interrupt_sam_nvic.o
 .comment       0x00000000       0x72 src/ASF/sam0/boards/samd20_xplained_pro/board_init.o
 .comment       0x00000000       0x72 src/ASF/sam0/drivers/port/port.o
 .comment       0x00000000       0x72 src/ASF/sam0/drivers/system/clock/clock_samd20/clock.o
 .comment       0x00000000       0x72 src/ASF/sam0/drivers/system/clock/clock_samd20/gclk.o
 .comment       0x00000000       0x72 src/ASF/sam0/drivers/system/pinmux/pinmux.o
 .comment       0x00000000       0x72 src/ASF/sam0/drivers/system/system.o
 .comment       0x00000000       0x72 src/ASF/sam0/utils/cmsis/samd20/source/gcc/startup_samd20.o
 .comment       0x00000000       0x72 src/ASF/sam0/utils/syscalls/gcc/syscalls.o
 .comment       0x00000000       0x72 src/buttons.o
 .comment       0x00000000       0x72 src/main.o
 .comment       0x00000000       0x72 c:/program files (x86)/atmel/atmel toolchain/arm gcc/native/4.7.1416/arm-gnu-toolchain/bin/../lib/gcc/arm-none-eabi/4.7.4/../../../../arm-none-eabi/lib/armv6-m\libc.a(lib_a-__atexit.o)
 .comment       0x00000000       0x72 c:/program files (x86)/atmel/atmel toolchain/arm gcc/native/4.7.1416/arm-gnu-toolchain/bin/../lib/gcc/arm-none-eabi/4.7.4/../../../../arm-none-eabi/lib/armv6-m\libc.a(lib_a-fini.o)
 .comment       0x00000000       0x72 c:/program files (x86)/atmel/atmel toolchain/arm gcc/native/4.7.1416/arm-gnu-toolchain/bin/../lib/gcc/arm-none-eabi/4.7.4/../../../../arm-none-eabi/lib/armv6-m\libc.a(lib_a-impure.o)
 .comment       0x00000000       0x72 c:/program files (x86)/atmel/atmel toolchain/arm gcc/native/4.7.1416/arm-gnu-toolchain/bin/../lib/gcc/arm-none-eabi/4.7.4/../../../../arm-none-eabi/lib/armv6-m\libc.a(lib_a-init.o)
 .comment       0x00000000       0x72 c:/program files (x86)/atmel/atmel toolchain/arm gcc/native/4.7.1416/arm-gnu-toolchain/bin/../lib/gcc/arm-none-eabi/4.7.4/../../../../arm-none-eabi/lib/armv6-m\libc.a(lib_a-memcpy.o)
 .comment       0x00000000       0x72 c:/program files (x86)/atmel/atmel toolchain/arm gcc/native/4.7.1416/arm-gnu-toolchain/bin/../lib/gcc/arm-none-eabi/4.7.4/../../../../arm-none-eabi/lib/armv6-m\libc.a(lib_a-memset.o)
 .comment       0x00000000       0x72 c:/program files (x86)/atmel/atmel toolchain/arm gcc/native/4.7.1416/arm-gnu-toolchain/bin/../lib/gcc/arm-none-eabi/4.7.4/../../../../arm-none-eabi/lib/armv6-m\libc.a(lib_a-sprintf.o)
 .comment       0x00000000       0x72 c:/program files (x86)/atmel/atmel toolchain/arm gcc/native/4.7.1416/arm-gnu-toolchain/bin/../lib/gcc/arm-none-eabi/4.7.4/../../../../arm-none-eabi/lib/armv6-m\libc.a(lib_a-svfprintf.o)
 .comment       0x00000000       0x72 c:/program files (x86)/atmel/atmel toolchain/arm gcc/native/4.7.1416/arm-gnu-toolchain/bin/../lib/gcc/arm-none-eabi/4.7.4/../../../../arm-none-eabi/lib/armv6-m\libc.a(lib_a-__call_atexit.o)
 .comment       0x00000000       0x72 c:/program files (x86)/atmel/atmel toolchain/arm gcc/native/4.7.1416/arm-gnu-toolchain/bin/../lib/gcc/arm-none-eabi/4.7.4/../../../../arm-none-eabi/lib/armv6-m\libc.a(lib_a-atexit.o)
 .comment       0x00000000       0x72 c:/program files (x86)/atmel/atmel toolchain/arm gcc/native/4.7.1416/arm-gnu-toolchain/bin/../lib/gcc/arm-none-eabi/4.7.4/../../../../arm-none-eabi/lib/armv6-m\libc.a(lib_a-dtoa.o)
 .comment       0x00000000       0x72 c:/program files (x86)/atmel/atmel toolchain/arm gcc/native/4.7.1416/arm-gnu-toolchain/bin/../lib/gcc/arm-none-eabi/4.7.4/../../../../arm-none-eabi/lib/armv6-m\libc.a(lib_a-freer.o)
 .comment       0x00000000       0x72 c:/program files (x86)/atmel/atmel toolchain/arm gcc/native/4.7.1416/arm-gnu-toolchain/bin/../lib/gcc/arm-none-eabi/4.7.4/../../../../arm-none-eabi/lib/armv6-m\libc.a(lib_a-locale.o)
 .comment       0x00000000       0x72 c:/program files (x86)/atmel/atmel toolchain/arm gcc/native/4.7.1416/arm-gnu-toolchain/bin/../lib/gcc/arm-none-eabi/4.7.4/../../../../arm-none-eabi/lib/armv6-m\libc.a(lib_a-mallocr.o)
 .comment       0x00000000       0x72 c:/program files (x86)/atmel/atmel toolchain/arm gcc/native/4.7.1416/arm-gnu-toolchain/bin/../lib/gcc/arm-none-eabi/4.7.4/../../../../arm-none-eabi/lib/armv6-m\libc.a(lib_a-memchr.o)
 .comment       0x00000000       0x72 c:/program files (x86)/atmel/atmel toolchain/arm gcc/native/4.7.1416/arm-gnu-toolchain/bin/../lib/gcc/arm-none-eabi/4.7.4/../../../../arm-none-eabi/lib/armv6-m\libc.a(lib_a-mlock.o)
 .comment       0x00000000       0x72 c:/program files (x86)/atmel/atmel toolchain/arm gcc/native/4.7.1416/arm-gnu-toolchain/bin/../lib/gcc/arm-none-eabi/4.7.4/../../../../arm-none-eabi/lib/armv6-m\libc.a(lib_a-mprec.o)
 .comment       0x00000000       0x72 c:/program files (x86)/atmel/atmel toolchain/arm gcc/native/4.7.1416/arm-gnu-toolchain/bin/../lib/gcc/arm-none-eabi/4.7.4/../../../../arm-none-eabi/lib/armv6-m\libc.a(lib_a-s_fpclassify.o)
 .comment       0x00000000       0x72 c:/program files (x86)/atmel/atmel toolchain/arm gcc/native/4.7.1416/arm-gnu-toolchain/bin/../lib/gcc/arm-none-eabi/4.7.4/../../../../arm-none-eabi/lib/armv6-m\libc.a(lib_a-sbrkr.o)
 .comment       0x00000000       0x72 c:/program files (x86)/atmel/atmel toolchain/arm gcc/native/4.7.1416/arm-gnu-toolchain/bin/../lib/gcc/arm-none-eabi/4.7.4/../../../../arm-none-eabi/lib/armv6-m\libc.a(lib_a-strcmp.o)
 .comment       0x00000000       0x72 c:/program files (x86)/atmel/atmel toolchain/arm gcc/native/4.7.1416/arm-gnu-toolchain/bin/../lib/gcc/arm-none-eabi/4.7.4/../../../../arm-none-eabi/lib/armv6-m\libc.a(lib_a-strlen.o)
 .comment       0x00000000       0x72 c:/program files (x86)/atmel/atmel toolchain/arm gcc/native/4.7.1416/arm-gnu-toolchain/bin/../lib/gcc/arm-none-eabi/4.7.4/../../../../arm-none-eabi/lib/armv6-m\libc.a(lib_a-svfiprintf.o)
 .comment       0x00000000       0x72 c:/program files (x86)/atmel/atmel toolchain/arm gcc/native/4.7.1416/arm-gnu-toolchain/bin/../lib/gcc/arm-none-eabi/4.7.4/../../../../arm-none-eabi/lib/armv6-m\libc.a(lib_a-callocr.o)
 .comment       0x00000000       0x72 c:/program files (x86)/atmel/atmel toolchain/arm gcc/native/4.7.1416/arm-gnu-toolchain/bin/../lib/gcc/arm-none-eabi/4.7.4/../../../../arm-none-eabi/lib/armv6-m\libc.a(lib_a-memmove.o)
 .comment       0x00000000       0x72 c:/program files (x86)/atmel/atmel toolchain/arm gcc/native/4.7.1416/arm-gnu-toolchain/bin/../lib/gcc/arm-none-eabi/4.7.4/../../../../arm-none-eabi/lib/armv6-m\libc.a(lib_a-reallocr.o)
 .comment       0x00000000       0x72 c:/program files (x86)/atmel/atmel toolchain/arm gcc/native/4.7.1416/arm-gnu-toolchain/bin/../lib/gcc/arm-none-eabi/4.7.4/../../../../arm-none-eabi/lib/armv6-m\libc.a(lib_a-reent.o)
 .comment       0x00000000       0x72 c:/program files (x86)/atmel/atmel toolchain/arm gcc/native/4.7.1416/arm-gnu-toolchain/bin/../lib/gcc/arm-none-eabi/4.7.4/armv6-m/crtend.o

.debug_info     0x00000000    0x3bce1
 .debug_info    0x00000000     0x3060 src/ASF/common2/components/display/ssd1306/ssd1306.o
 .debug_info    0x00003060      0x25e src/ASF/common2/services/delay/sam0/cycle_counter.o
 .debug_info    0x000032be      0x5be src/ASF/common2/services/gfx_mono/gfx_mono_framebuffer.o
 .debug_info    0x0000387c      0xb7e src/ASF/common2/services/gfx_mono/gfx_mono_generic.o
 .debug_info    0x000043fa      0x622 src/ASF/common2/services/gfx_mono/gfx_mono_text.o
 .debug_info    0x00004a1c      0x881 src/ASF/common2/services/gfx_mono/gfx_mono_ug_2832hsweg04.o
 .debug_info    0x0000529d      0x30a src/ASF/common2/services/gfx_mono/sysfont.o
 .debug_info    0x000055a7     0x1a98 src/ASF/sam0/drivers/extint/extint.o
 .debug_info    0x0000703f      0xa04 src/ASF/sam0/drivers/extint/extint_callback.o
 .debug_info    0x00007a43     0x2937 src/ASF/sam0/drivers/rtc/rtc_calendar.o
 .debug_info    0x0000a37a     0x1480 src/ASF/sam0/drivers/rtc/rtc_calendar_interrupt.o
 .debug_info    0x0000b7fa     0x1bb8 src/ASF/sam0/drivers/sercom/sercom.o
 .debug_info    0x0000d3b2     0x1b99 src/ASF/sam0/drivers/sercom/sercom_interrupt.o
 .debug_info    0x0000ef4b     0x4883 src/ASF/sam0/drivers/sercom/spi/spi.o
 .debug_info    0x000137ce     0x20f4 src/ASF/sam0/drivers/sercom/spi/spi_interrupt.o
 .debug_info    0x000158c2     0x2d4d src/ASF/sam0/drivers/sercom/usart/usart.o
 .debug_info    0x0001860f     0x1e7e src/ASF/sam0/drivers/sercom/usart/usart_interrupt.o
 .debug_info    0x0001a48d     0x2405 src/ASF/sam0/drivers/tc/tc.o
 .debug_info    0x0001c892     0x11e0 src/ASF/sam0/drivers/tc/tc_interrupt.o
 .debug_info    0x0001da72      0xdff src/sleep.o
 .debug_info    0x0001e871     0x2dd1 src/watch.o
 .debug_info    0x00021642      0x1e1 src/ASF/common/utils/interrupt/interrupt_sam_nvic.o
 .debug_info    0x00021823      0x995 src/ASF/sam0/boards/samd20_xplained_pro/board_init.o
 .debug_info    0x000221b8      0x98d src/ASF/sam0/drivers/port/port.o
 .debug_info    0x00022b45     0x359a src/ASF/sam0/drivers/system/clock/clock_samd20/clock.o
 .debug_info    0x000260df     0x1447 src/ASF/sam0/drivers/system/clock/clock_samd20/gclk.o
 .debug_info    0x00027526      0xa72 src/ASF/sam0/drivers/system/pinmux/pinmux.o
 .debug_info    0x00027f98      0x179 src/ASF/sam0/drivers/system/system.o
 .debug_info    0x00028111      0x474 src/ASF/sam0/utils/cmsis/samd20/source/gcc/startup_samd20.o
 .debug_info    0x00028585      0x427 src/ASF/sam0/utils/syscalls/gcc/syscalls.o
 .debug_info    0x000289ac      0x4ae src/buttons.o
 .debug_info    0x00028e5a     0x4872 src/main.o
 .debug_info    0x0002d6cc      0xa15 c:/program files (x86)/atmel/atmel toolchain/arm gcc/native/4.7.1416/arm-gnu-toolchain/bin/../lib/gcc/arm-none-eabi/4.7.4/../../../../arm-none-eabi/lib/armv6-m\libc.a(lib_a-__atexit.o)
 .debug_info    0x0002e0e1       0xf4 c:/program files (x86)/atmel/atmel toolchain/arm gcc/native/4.7.1416/arm-gnu-toolchain/bin/../lib/gcc/arm-none-eabi/4.7.4/../../../../arm-none-eabi/lib/armv6-m\libc.a(lib_a-fini.o)
 .debug_info    0x0002e1d5      0x961 c:/program files (x86)/atmel/atmel toolchain/arm gcc/native/4.7.1416/arm-gnu-toolchain/bin/../lib/gcc/arm-none-eabi/4.7.4/../../../../arm-none-eabi/lib/armv6-m\libc.a(lib_a-impure.o)
 .debug_info    0x0002eb36      0x112 c:/program files (x86)/atmel/atmel toolchain/arm gcc/native/4.7.1416/arm-gnu-toolchain/bin/../lib/gcc/arm-none-eabi/4.7.4/../../../../arm-none-eabi/lib/armv6-m\libc.a(lib_a-init.o)
 .debug_info    0x0002ec48      0x103 c:/program files (x86)/atmel/atmel toolchain/arm gcc/native/4.7.1416/arm-gnu-toolchain/bin/../lib/gcc/arm-none-eabi/4.7.4/../../../../arm-none-eabi/lib/armv6-m\libc.a(lib_a-memcpy.o)
 .debug_info    0x0002ed4b       0xd3 c:/program files (x86)/atmel/atmel toolchain/arm gcc/native/4.7.1416/arm-gnu-toolchain/bin/../lib/gcc/arm-none-eabi/4.7.4/../../../../arm-none-eabi/lib/armv6-m\libc.a(lib_a-memset.o)
 .debug_info    0x0002ee1e      0xacf c:/program files (x86)/atmel/atmel toolchain/arm gcc/native/4.7.1416/arm-gnu-toolchain/bin/../lib/gcc/arm-none-eabi/4.7.4/../../../../arm-none-eabi/lib/armv6-m\libc.a(lib_a-sprintf.o)
 .debug_info    0x0002f8ed     0x17b2 c:/program files (x86)/atmel/atmel toolchain/arm gcc/native/4.7.1416/arm-gnu-toolchain/bin/../lib/gcc/arm-none-eabi/4.7.4/../../../../arm-none-eabi/lib/armv6-m\libc.a(lib_a-svfprintf.o)
 .debug_info    0x0003109f      0xa83 c:/program files (x86)/atmel/atmel toolchain/arm gcc/native/4.7.1416/arm-gnu-toolchain/bin/../lib/gcc/arm-none-eabi/4.7.4/../../../../arm-none-eabi/lib/armv6-m\libc.a(lib_a-__call_atexit.o)
 .debug_info    0x00031b22      0x10f c:/program files (x86)/atmel/atmel toolchain/arm gcc/native/4.7.1416/arm-gnu-toolchain/bin/../lib/gcc/arm-none-eabi/4.7.4/../../../../arm-none-eabi/lib/armv6-m\libc.a(lib_a-atexit.o)
 .debug_info    0x00031c31     0x1446 c:/program files (x86)/atmel/atmel toolchain/arm gcc/native/4.7.1416/arm-gnu-toolchain/bin/../lib/gcc/arm-none-eabi/4.7.4/../../../../arm-none-eabi/lib/armv6-m\libc.a(lib_a-dtoa.o)
 .debug_info    0x00033077      0xd0e c:/program files (x86)/atmel/atmel toolchain/arm gcc/native/4.7.1416/arm-gnu-toolchain/bin/../lib/gcc/arm-none-eabi/4.7.4/../../../../arm-none-eabi/lib/armv6-m\libc.a(lib_a-freer.o)
 .debug_info    0x00033d85      0xd0c c:/program files (x86)/atmel/atmel toolchain/arm gcc/native/4.7.1416/arm-gnu-toolchain/bin/../lib/gcc/arm-none-eabi/4.7.4/../../../../arm-none-eabi/lib/armv6-m\libc.a(lib_a-locale.o)
 .debug_info    0x00034a91      0xe18 c:/program files (x86)/atmel/atmel toolchain/arm gcc/native/4.7.1416/arm-gnu-toolchain/bin/../lib/gcc/arm-none-eabi/4.7.4/../../../../arm-none-eabi/lib/armv6-m\libc.a(lib_a-mallocr.o)
 .debug_info    0x000358a9       0xf8 c:/program files (x86)/atmel/atmel toolchain/arm gcc/native/4.7.1416/arm-gnu-toolchain/bin/../lib/gcc/arm-none-eabi/4.7.4/../../../../arm-none-eabi/lib/armv6-m\libc.a(lib_a-memchr.o)
 .debug_info    0x000359a1      0x985 c:/program files (x86)/atmel/atmel toolchain/arm gcc/native/4.7.1416/arm-gnu-toolchain/bin/../lib/gcc/arm-none-eabi/4.7.4/../../../../arm-none-eabi/lib/armv6-m\libc.a(lib_a-mlock.o)
 .debug_info    0x00036326     0x174a c:/program files (x86)/atmel/atmel toolchain/arm gcc/native/4.7.1416/arm-gnu-toolchain/bin/../lib/gcc/arm-none-eabi/4.7.4/../../../../arm-none-eabi/lib/armv6-m\libc.a(lib_a-mprec.o)
 .debug_info    0x00037a70      0x143 c:/program files (x86)/atmel/atmel toolchain/arm gcc/native/4.7.1416/arm-gnu-toolchain/bin/../lib/gcc/arm-none-eabi/4.7.4/../../../../arm-none-eabi/lib/armv6-m\libc.a(lib_a-s_fpclassify.o)
 .debug_info    0x00037bb3      0x9cc c:/program files (x86)/atmel/atmel toolchain/arm gcc/native/4.7.1416/arm-gnu-toolchain/bin/../lib/gcc/arm-none-eabi/4.7.4/../../../../arm-none-eabi/lib/armv6-m\libc.a(lib_a-sbrkr.o)
 .debug_info    0x0003857f       0xb5 c:/program files (x86)/atmel/atmel toolchain/arm gcc/native/4.7.1416/arm-gnu-toolchain/bin/../lib/gcc/arm-none-eabi/4.7.4/../../../../arm-none-eabi/lib/armv6-m\libc.a(lib_a-strcmp.o)
 .debug_info    0x00038634       0xcd c:/program files (x86)/atmel/atmel toolchain/arm gcc/native/4.7.1416/arm-gnu-toolchain/bin/../lib/gcc/arm-none-eabi/4.7.4/../../../../arm-none-eabi/lib/armv6-m\libc.a(lib_a-strlen.o)
 .debug_info    0x00038701     0x1142 c:/program files (x86)/atmel/atmel toolchain/arm gcc/native/4.7.1416/arm-gnu-toolchain/bin/../lib/gcc/arm-none-eabi/4.7.4/../../../../arm-none-eabi/lib/armv6-m\libc.a(lib_a-svfiprintf.o)
 .debug_info    0x00039843      0xad0 c:/program files (x86)/atmel/atmel toolchain/arm gcc/native/4.7.1416/arm-gnu-toolchain/bin/../lib/gcc/arm-none-eabi/4.7.4/../../../../arm-none-eabi/lib/armv6-m\libc.a(lib_a-callocr.o)
 .debug_info    0x0003a313      0x103 c:/program files (x86)/atmel/atmel toolchain/arm gcc/native/4.7.1416/arm-gnu-toolchain/bin/../lib/gcc/arm-none-eabi/4.7.4/../../../../arm-none-eabi/lib/armv6-m\libc.a(lib_a-memmove.o)
 .debug_info    0x0003a416      0xda8 c:/program files (x86)/atmel/atmel toolchain/arm gcc/native/4.7.1416/arm-gnu-toolchain/bin/../lib/gcc/arm-none-eabi/4.7.4/../../../../arm-none-eabi/lib/armv6-m\libc.a(lib_a-reallocr.o)
 .debug_info    0x0003b1be      0xb23 c:/program files (x86)/atmel/atmel toolchain/arm gcc/native/4.7.1416/arm-gnu-toolchain/bin/../lib/gcc/arm-none-eabi/4.7.4/../../../../arm-none-eabi/lib/armv6-m\libc.a(lib_a-reent.o)

.debug_abbrev   0x00000000     0x7c05
 .debug_abbrev  0x00000000      0x387 src/ASF/common2/components/display/ssd1306/ssd1306.o
 .debug_abbrev  0x00000387      0x13c src/ASF/common2/services/delay/sam0/cycle_counter.o
 .debug_abbrev  0x000004c3      0x16e src/ASF/common2/services/gfx_mono/gfx_mono_framebuffer.o
 .debug_abbrev  0x00000631      0x1ee src/ASF/common2/services/gfx_mono/gfx_mono_generic.o
 .debug_abbrev  0x0000081f      0x1f7 src/ASF/common2/services/gfx_mono/gfx_mono_text.o
 .debug_abbrev  0x00000a16      0x242 src/ASF/common2/services/gfx_mono/gfx_mono_ug_2832hsweg04.o
 .debug_abbrev  0x00000c58       0xef src/ASF/common2/services/gfx_mono/sysfont.o
 .debug_abbrev  0x00000d47      0x3e3 src/ASF/sam0/drivers/extint/extint.o
 .debug_abbrev  0x0000112a      0x26e src/ASF/sam0/drivers/extint/extint_callback.o
 .debug_abbrev  0x00001398      0x456 src/ASF/sam0/drivers/rtc/rtc_calendar.o
 .debug_abbrev  0x000017ee      0x275 src/ASF/sam0/drivers/rtc/rtc_calendar_interrupt.o
 .debug_abbrev  0x00001a63      0x241 src/ASF/sam0/drivers/sercom/sercom.o
 .debug_abbrev  0x00001ca4      0x247 src/ASF/sam0/drivers/sercom/sercom_interrupt.o
 .debug_abbrev  0x00001eeb      0x447 src/ASF/sam0/drivers/sercom/spi/spi.o
 .debug_abbrev  0x00002332      0x335 src/ASF/sam0/drivers/sercom/spi/spi_interrupt.o
 .debug_abbrev  0x00002667      0x3d2 src/ASF/sam0/drivers/sercom/usart/usart.o
 .debug_abbrev  0x00002a39      0x334 src/ASF/sam0/drivers/sercom/usart/usart_interrupt.o
 .debug_abbrev  0x00002d6d      0x3ab src/ASF/sam0/drivers/tc/tc.o
 .debug_abbrev  0x00003118      0x259 src/ASF/sam0/drivers/tc/tc_interrupt.o
 .debug_abbrev  0x00003371      0x221 src/sleep.o
 .debug_abbrev  0x00003592      0x384 src/watch.o
 .debug_abbrev  0x00003916       0xf6 src/ASF/common/utils/interrupt/interrupt_sam_nvic.o
 .debug_abbrev  0x00003a0c      0x25a src/ASF/sam0/boards/samd20_xplained_pro/board_init.o
 .debug_abbrev  0x00003c66      0x1e9 src/ASF/sam0/drivers/port/port.o
 .debug_abbrev  0x00003e4f      0x3f2 src/ASF/sam0/drivers/system/clock/clock_samd20/clock.o
 .debug_abbrev  0x00004241      0x350 src/ASF/sam0/drivers/system/clock/clock_samd20/gclk.o
 .debug_abbrev  0x00004591      0x296 src/ASF/sam0/drivers/system/pinmux/pinmux.o
 .debug_abbrev  0x00004827       0xb9 src/ASF/sam0/drivers/system/system.o
 .debug_abbrev  0x000048e0      0x13b src/ASF/sam0/utils/cmsis/samd20/source/gcc/startup_samd20.o
 .debug_abbrev  0x00004a1b      0x141 src/ASF/sam0/utils/syscalls/gcc/syscalls.o
 .debug_abbrev  0x00004b5c      0x1a8 src/buttons.o
 .debug_abbrev  0x00004d04      0x3c3 src/main.o
 .debug_abbrev  0x000050c7      0x1fe c:/program files (x86)/atmel/atmel toolchain/arm gcc/native/4.7.1416/arm-gnu-toolchain/bin/../lib/gcc/arm-none-eabi/4.7.4/../../../../arm-none-eabi/lib/armv6-m\libc.a(lib_a-__atexit.o)
 .debug_abbrev  0x000052c5       0xb6 c:/program files (x86)/atmel/atmel toolchain/arm gcc/native/4.7.1416/arm-gnu-toolchain/bin/../lib/gcc/arm-none-eabi/4.7.4/../../../../arm-none-eabi/lib/armv6-m\libc.a(lib_a-fini.o)
 .debug_abbrev  0x0000537b      0x160 c:/program files (x86)/atmel/atmel toolchain/arm gcc/native/4.7.1416/arm-gnu-toolchain/bin/../lib/gcc/arm-none-eabi/4.7.4/../../../../arm-none-eabi/lib/armv6-m\libc.a(lib_a-impure.o)
 .debug_abbrev  0x000054db       0xb8 c:/program files (x86)/atmel/atmel toolchain/arm gcc/native/4.7.1416/arm-gnu-toolchain/bin/../lib/gcc/arm-none-eabi/4.7.4/../../../../arm-none-eabi/lib/armv6-m\libc.a(lib_a-init.o)
 .debug_abbrev  0x00005593       0xa2 c:/program files (x86)/atmel/atmel toolchain/arm gcc/native/4.7.1416/arm-gnu-toolchain/bin/../lib/gcc/arm-none-eabi/4.7.4/../../../../arm-none-eabi/lib/armv6-m\libc.a(lib_a-memcpy.o)
 .debug_abbrev  0x00005635       0x8c c:/program files (x86)/atmel/atmel toolchain/arm gcc/native/4.7.1416/arm-gnu-toolchain/bin/../lib/gcc/arm-none-eabi/4.7.4/../../../../arm-none-eabi/lib/armv6-m\libc.a(lib_a-memset.o)
 .debug_abbrev  0x000056c1      0x1fa c:/program files (x86)/atmel/atmel toolchain/arm gcc/native/4.7.1416/arm-gnu-toolchain/bin/../lib/gcc/arm-none-eabi/4.7.4/../../../../arm-none-eabi/lib/armv6-m\libc.a(lib_a-sprintf.o)
 .debug_abbrev  0x000058bb      0x35c c:/program files (x86)/atmel/atmel toolchain/arm gcc/native/4.7.1416/arm-gnu-toolchain/bin/../lib/gcc/arm-none-eabi/4.7.4/../../../../arm-none-eabi/lib/armv6-m\libc.a(lib_a-svfprintf.o)
 .debug_abbrev  0x00005c17      0x255 c:/program files (x86)/atmel/atmel toolchain/arm gcc/native/4.7.1416/arm-gnu-toolchain/bin/../lib/gcc/arm-none-eabi/4.7.4/../../../../arm-none-eabi/lib/armv6-m\libc.a(lib_a-__call_atexit.o)
 .debug_abbrev  0x00005e6c       0xb3 c:/program files (x86)/atmel/atmel toolchain/arm gcc/native/4.7.1416/arm-gnu-toolchain/bin/../lib/gcc/arm-none-eabi/4.7.4/../../../../arm-none-eabi/lib/armv6-m\libc.a(lib_a-atexit.o)
 .debug_abbrev  0x00005f1f      0x2c0 c:/program files (x86)/atmel/atmel toolchain/arm gcc/native/4.7.1416/arm-gnu-toolchain/bin/../lib/gcc/arm-none-eabi/4.7.4/../../../../arm-none-eabi/lib/armv6-m\libc.a(lib_a-dtoa.o)
 .debug_abbrev  0x000061df      0x23a c:/program files (x86)/atmel/atmel toolchain/arm gcc/native/4.7.1416/arm-gnu-toolchain/bin/../lib/gcc/arm-none-eabi/4.7.4/../../../../arm-none-eabi/lib/armv6-m\libc.a(lib_a-freer.o)
 .debug_abbrev  0x00006419      0x277 c:/program files (x86)/atmel/atmel toolchain/arm gcc/native/4.7.1416/arm-gnu-toolchain/bin/../lib/gcc/arm-none-eabi/4.7.4/../../../../arm-none-eabi/lib/armv6-m\libc.a(lib_a-locale.o)
 .debug_abbrev  0x00006690      0x286 c:/program files (x86)/atmel/atmel toolchain/arm gcc/native/4.7.1416/arm-gnu-toolchain/bin/../lib/gcc/arm-none-eabi/4.7.4/../../../../arm-none-eabi/lib/armv6-m\libc.a(lib_a-mallocr.o)
 .debug_abbrev  0x00006916       0xa9 c:/program files (x86)/atmel/atmel toolchain/arm gcc/native/4.7.1416/arm-gnu-toolchain/bin/../lib/gcc/arm-none-eabi/4.7.4/../../../../arm-none-eabi/lib/armv6-m\libc.a(lib_a-memchr.o)
 .debug_abbrev  0x000069bf      0x17a c:/program files (x86)/atmel/atmel toolchain/arm gcc/native/4.7.1416/arm-gnu-toolchain/bin/../lib/gcc/arm-none-eabi/4.7.4/../../../../arm-none-eabi/lib/armv6-m\libc.a(lib_a-mlock.o)
 .debug_abbrev  0x00006b39      0x337 c:/program files (x86)/atmel/atmel toolchain/arm gcc/native/4.7.1416/arm-gnu-toolchain/bin/../lib/gcc/arm-none-eabi/4.7.4/../../../../arm-none-eabi/lib/armv6-m\libc.a(lib_a-mprec.o)
 .debug_abbrev  0x00006e70       0xc4 c:/program files (x86)/atmel/atmel toolchain/arm gcc/native/4.7.1416/arm-gnu-toolchain/bin/../lib/gcc/arm-none-eabi/4.7.4/../../../../arm-none-eabi/lib/armv6-m\libc.a(lib_a-s_fpclassify.o)
 .debug_abbrev  0x00006f34      0x1dd c:/program files (x86)/atmel/atmel toolchain/arm gcc/native/4.7.1416/arm-gnu-toolchain/bin/../lib/gcc/arm-none-eabi/4.7.4/../../../../arm-none-eabi/lib/armv6-m\libc.a(lib_a-sbrkr.o)
 .debug_abbrev  0x00007111       0x70 c:/program files (x86)/atmel/atmel toolchain/arm gcc/native/4.7.1416/arm-gnu-toolchain/bin/../lib/gcc/arm-none-eabi/4.7.4/../../../../arm-none-eabi/lib/armv6-m\libc.a(lib_a-strcmp.o)
 .debug_abbrev  0x00007181       0x8a c:/program files (x86)/atmel/atmel toolchain/arm gcc/native/4.7.1416/arm-gnu-toolchain/bin/../lib/gcc/arm-none-eabi/4.7.4/../../../../arm-none-eabi/lib/armv6-m\libc.a(lib_a-strlen.o)
 .debug_abbrev  0x0000720b      0x2d4 c:/program files (x86)/atmel/atmel toolchain/arm gcc/native/4.7.1416/arm-gnu-toolchain/bin/../lib/gcc/arm-none-eabi/4.7.4/../../../../arm-none-eabi/lib/armv6-m\libc.a(lib_a-svfiprintf.o)
 .debug_abbrev  0x000074df      0x1f7 c:/program files (x86)/atmel/atmel toolchain/arm gcc/native/4.7.1416/arm-gnu-toolchain/bin/../lib/gcc/arm-none-eabi/4.7.4/../../../../arm-none-eabi/lib/armv6-m\libc.a(lib_a-callocr.o)
 .debug_abbrev  0x000076d6       0x9a c:/program files (x86)/atmel/atmel toolchain/arm gcc/native/4.7.1416/arm-gnu-toolchain/bin/../lib/gcc/arm-none-eabi/4.7.4/../../../../arm-none-eabi/lib/armv6-m\libc.a(lib_a-memmove.o)
 .debug_abbrev  0x00007770      0x244 c:/program files (x86)/atmel/atmel toolchain/arm gcc/native/4.7.1416/arm-gnu-toolchain/bin/../lib/gcc/arm-none-eabi/4.7.4/../../../../arm-none-eabi/lib/armv6-m\libc.a(lib_a-reallocr.o)
 .debug_abbrev  0x000079b4      0x251 c:/program files (x86)/atmel/atmel toolchain/arm gcc/native/4.7.1416/arm-gnu-toolchain/bin/../lib/gcc/arm-none-eabi/4.7.4/../../../../arm-none-eabi/lib/armv6-m\libc.a(lib_a-reent.o)
